分类: 📺央视频道, 名称: CCTV-1, 有效: 6, IPv4: 13, IPv6: 0, 最小延迟: 32 ms, 最高速率: 7.60 MiB/s, 平均速率: 4.27 MiB/s, 最高分辨率: 1280x720, 平均帧率: 未知, 视频编解码器: 未知, 音频编解码器: 未知
分类: 📺央视频道, 名称: CCTV-2, 有效: 6, IPv4: 8, IPv6: 0, 最小延迟: 31 ms, 最高速率: 15.26 MiB/s, 平均速率: 10.67 MiB/s, 最高分辨率: 1920x1080, 平均帧率: 未知, 视频编解码器: 未知, 音频编解码器: 未知
分类: 📺央视频道, 名称: CCTV-3, 有效: 6, IPv4: 14, IPv6: 0, 最小延迟: 31 ms, 最高速率: 16.43 MiB/s, 平均速率: 6.94 MiB/s, 最高分辨率: 1920x1080, 平均帧率: 25.0, 视频编解码器: h264, 音频编解码器: mp2
分类: 📺央视频道, 名称: CCTV-4, 有效: 6, IPv4: 11, IPv6: 0, 最小延迟: 31 ms, 最高速率: 23.88 MiB/s, 平均速率: 9.11 MiB/s, 最高分辨率: 1920x1080, 平均帧率: 未知, 视频编解码器: 未知, 音频编解码器: 未知
分类: 📺央视频道, 名称: CCTV-5, 有效: 8, IPv4: 9, IPv6: 0, 最小延迟: 32 ms, 最高速率: 26.08 MiB/s, 平均速率: 15.07 MiB/s, 最高分辨率: 1920x1080, 平均帧率: 未知, 视频编解码器: 未知, 音频编解码器: 未知
分类: 📺央视频道, 名称: CCTV-5+, 有效: 3, IPv4: 157, IPv6: 0, 最小延迟: 33 ms, 最高速率: 14.47 MiB/s, 平均速率: 5.43 MiB/s, 最高分辨率: 1920x1080, 平均帧率: 26.19, 视频编解码器: h264, 音频编解码器: mp2
分类: 📺央视频道, 名称: CCTV-6, 有效: 5, IPv4: 12, IPv6: 0, 最小延迟: 34 ms, 最高速率: 43.90 MiB/s, 平均速率: 15.59 MiB/s, 最高分辨率: 1920x1080, 平均帧率: 未知, 视频编解码器: h264, 音频编解码器: mp2
分类: 📺央视频道, 名称: CCTV-7, 有效: 5, IPv4: 8, IPv6: 0, 最小延迟: 32 ms, 最高速率: 57.64 MiB/s, 平均速率: 16.35 MiB/s, 最高分辨率: 1920x1080, 平均帧率: 未知, 视频编解码器: 未知, 音频编解码器: 未知
分类: 📺央视频道, 名称: CCTV-8, 有效: 6, IPv4: 7, IPv6: 0, 最小延迟: 32 ms, 最高速率: 15.86 MiB/s, 平均速率: 11.85 MiB/s, 最高分辨率: 1920x1080, 平均帧率: 未知, 视频编解码器: 未知, 音频编解码器: 未知
分类: 📺央视频道, 名称: CCTV-9, 有效: 7, IPv4: 8, IPv6: 0, 最小延迟: 39 ms, 最高速率: 50.78 MiB/s, 平均速率: 25.15 MiB/s, 最高分辨率: 1920x1080, 平均帧率: 未知, 视频编解码器: 未知, 音频编解码器: 未知
分类: 📺央视频道, 名称: CCTV-10, 有效: 6, IPv4: 10, IPv6: 0, 最小延迟: 48 ms, 最高速率: 39.39 MiB/s, 平均速率: 13.97 MiB/s, 最高分辨率: 1920x1080, 平均帧率: 未知, 视频编解码器: 未知, 音频编解码器: 未知
分类: 📺央视频道, 名称: CCTV-11, 有效: 6, IPv4: 32, IPv6: 0, 最小延迟: 32 ms, 最高速率: 30.10 MiB/s, 平均速率: 13.30 MiB/s, 最高分辨率: 1920x1080, 平均帧率: 25.0, 视频编解码器: h264, 音频编解码器: mp2
分类: 📺央视频道, 名称: CCTV-12, 有效: 6, IPv4: 6, IPv6: 0, 最小延迟: 47 ms, 最高速率: 54.80 MiB/s, 平均速率: 26.94 MiB/s, 最高分辨率: 1920x1080, 平均帧率: 未知, 视频编解码器: 未知, 音频编解码器: 未知
分类: 📺央视频道, 名称: CCTV-13, 有效: 7, IPv4: 8, IPv6: 0, 最小延迟: 6 ms, 最高速率: 57.60 MiB/s, 平均速率: 36.49 MiB/s, 最高分辨率: 1920x1080, 平均帧率: 25.0, 视频编解码器: h264, 音频编解码器: aac
分类: 📺央视频道, 名称: CCTV-14, 有效: 5, IPv4: 7, IPv6: 0, 最小延迟: 31 ms, 最高速率: 24.02 MiB/s, 平均速率: 13.14 MiB/s, 最高分辨率: 1920x1080, 平均帧率: 未知, 视频编解码器: 未知, 音频编解码器: 未知
分类: 📺央视频道, 名称: CCTV-15, 有效: 6, IPv4: 6, IPv6: 0, 最小延迟: 31 ms, 最高速率: 22.13 MiB/s, 平均速率: 14.15 MiB/s, 最高分辨率: 1920x1080, 平均帧率: 未知, 视频编解码器: 未知, 音频编解码器: 未知
分类: 📺央视频道, 名称: CCTV-16, 有效: 6, IPv4: 7, IPv6: 0, 最小延迟: 58 ms, 最高速率: 52.63 MiB/s, 平均速率: 37.30 MiB/s, 最高分辨率: 1920x1080, 平均帧率: 未知, 视频编解码器: 未知, 音频编解码器: 未知
分类: 📺央视频道, 名称: CCTV-17, 有效: 6, IPv4: 11, IPv6: 0, 最小延迟: 48 ms, 最高速率: 9.68 MiB/s, 平均速率: 2.71 MiB/s, 最高分辨率: 1920x1080, 平均帧率: 25.0, 视频编解码器: h264, 音频编解码器: aac
分类: 📺央视频道, 名称: CETV-1, 有效: 6, IPv4: 9, IPv6: 0, 最小延迟: 47 ms, 最高速率: 9.33 MiB/s, 平均速率: 6.45 MiB/s, 最高分辨率: 1920x1080, 平均帧率: 未知, 视频编解码器: 未知, 音频编解码器: 未知
分类: 📺央视频道, 名称: CETV-2, 有效: 0, IPv4: 51, IPv6: 0, 最小延迟: 48 ms, 最高速率: 9.30 MiB/s, 平均速率: 0.00 MiB/s, 最高分辨率: 720x576, 平均帧率: 25.0, 视频编解码器: h264, 音频编解码器: mp2
分类: 📺央视频道, 名称: CETV-3, 有效: 3, IPv4: 12, IPv6: 0, 最小延迟: 31 ms, 最高速率: 25.10 MiB/s, 平均速率: 12.82 MiB/s, 最高分辨率: 1280x720, 平均帧率: 25.0, 视频编解码器: h264, 音频编解码器: aac
分类: 📺央视频道, 名称: CETV-4, 有效: 3, IPv4: 78, IPv6: 0, 最小延迟: 32 ms, 最高速率: 12.77 MiB/s, 平均速率: 7.40 MiB/s, 最高分辨率: 1920x1080, 平均帧率: 25.0, 视频编解码器: h264, 音频编解码器: mp2
分类: 📺央视频道, 名称: CCTV4欧洲, 有效: 0, IPv4: 31, IPv6: 0, 最小延迟: 505 ms, 最高速率: 0.23 MiB/s, 平均速率: 0.00 MiB/s, 最高分辨率: 1920x1080, 平均帧率: 25.0, 视频编解码器: h264, 音频编解码器: mp2
分类: 📺央视频道, 名称: CCTV4美洲, 有效: 0, IPv4: 31, IPv6: 0, 最小延迟: 514 ms, 最高速率: 0.23 MiB/s, 平均速率: 0.00 MiB/s, 最高分辨率: 1920x1080, 平均帧率: 25.0, 视频编解码器: h264, 音频编解码器: mp2
分类: 💰央视付费频道, 名称: 文化精品, 有效: 6, IPv4: 11, IPv6: 0, 最小延迟: 32 ms, 最高速率: 61.35 MiB/s, 平均速率: 26.74 MiB/s, 最高分辨率: 1920x1080, 平均帧率: 25.0, 视频编解码器: h264, 音频编解码器: aac
分类: 💰央视付费频道, 名称: 央视台球, 有效: 6, IPv4: 9, IPv6: 0, 最小延迟: 32 ms, 最高速率: 50.30 MiB/s, 平均速率: 10.74 MiB/s, 最高分辨率: 1920x1080, 平均帧率: 未知, 视频编解码器: 未知, 音频编解码器: 未知
分类: 💰央视付费频道, 名称: 风云音乐, 有效: 5, IPv4: 14, IPv6: 0, 最小延迟: 51 ms, 最高速率: 50.71 MiB/s, 平均速率: 28.19 MiB/s, 最高分辨率: 1920x1080, 平均帧率: 27.5, 视频编解码器: h264, 音频编解码器: aac
分类: 💰央视付费频道, 名称: 第一剧场, 有效: 7, IPv4: 8, IPv6: 0, 最小延迟: 48 ms, 最高速率: 54.46 MiB/s, 平均速率: 20.12 MiB/s, 最高分辨率: 1920x1080, 平均帧率: 未知, 视频编解码器: 未知, 音频编解码器: 未知
分类: 💰央视付费频道, 名称: 风云剧场, 有效: 6, IPv4: 9, IPv6: 0, 最小延迟: 37 ms, 最高速率: 44.63 MiB/s, 平均速率: 12.92 MiB/s, 最高分辨率: 1920x1080, 平均帧率: 未知, 视频编解码器: 未知, 音频编解码器: 未知
分类: 💰央视付费频道, 名称: 怀旧剧场, 有效: 6, IPv4: 10, IPv6: 0, 最小延迟: 50 ms, 最高速率: 53.24 MiB/s, 平均速率: 18.57 MiB/s, 最高分辨率: 1920x1080, 平均帧率: 25.0, 视频编解码器: h264, 音频编解码器: aac
分类: 💰央视付费频道, 名称: 女性时尚, 有效: 6, IPv4: 7, IPv6: 0, 最小延迟: 47 ms, 最高速率: 56.22 MiB/s, 平均速率: 22.82 MiB/s, 最高分辨率: 1920x1080, 平均帧率: 未知, 视频编解码器: 未知, 音频编解码器: 未知
分类: 💰央视付费频道, 名称: 高尔夫网球, 有效: 5, IPv4: 10, IPv6: 0, 最小延迟: 48 ms, 最高速率: 9.01 MiB/s, 平均速率: 2.38 MiB/s, 最高分辨率: 1920x1080, 平均帧率: 25.0, 视频编解码器: h264, 音频编解码器: mp2
分类: 💰央视付费频道, 名称: 风云足球, 有效: 7, IPv4: 9, IPv6: 0, 最小延迟: 32 ms, 最高速率: 43.34 MiB/s, 平均速率: 13.48 MiB/s, 最高分辨率: 1920x1080, 平均帧率: 未知, 视频编解码器: 未知, 音频编解码器: 未知
分类: 💰央视付费频道, 名称: 电视指南, 有效: 2, IPv4: 13, IPv6: 0, 最小延迟: 49 ms, 最高速率: 0.91 MiB/s, 平均速率: 0.66 MiB/s, 最高分辨率: 1920x1080, 平均帧率: 25.0, 视频编解码器: h264, 音频编解码器: mp2
分类: 💰央视付费频道, 名称: 世界地理, 有效: 4, IPv4: 44, IPv6: 0, 最小延迟: 31 ms, 最高速率: 54.44 MiB/s, 平均速率: 25.82 MiB/s, 最高分辨率: 1920x1080, 平均帧率: 25.0, 视频编解码器: h264, 音频编解码器: aac
分类: 💰央视付费频道, 名称: 兵器科技, 有效: 6, IPv4: 8, IPv6: 0, 最小延迟: 32 ms, 最高速率: 51.78 MiB/s, 平均速率: 28.95 MiB/s, 最高分辨率: 1920x1080, 平均帧率: 未知, 视频编解码器: 未知, 音频编解码器: 未知
分类: Ⓜ️央视咪咕, 名称: CGTN西语, 有效: 2, IPv4: 11, IPv6: 0, 最小延迟: 4 ms, 最高速率: 199.77 MiB/s, 平均速率: 144.28 MiB/s, 最高分辨率: 1920x1080, 平均帧率: 未知, 视频编解码器: 未知, 音频编解码器: 未知
分类: Ⓜ️央视咪咕, 名称: CGTN阿语, 有效: 1, IPv4: 7, IPv6: 0, 最小延迟: 284 ms, 最高速率: 1.54 MiB/s, 平均速率: 1.54 MiB/s, 最高分辨率: 1920x1080, 平均帧率: 未知, 视频编解码器: 未知, 音频编解码器: 未知
分类: Ⓜ️央视咪咕, 名称: CGTN法语, 有效: 4, IPv4: 74, IPv6: 0, 最小延迟: 68 ms, 最高速率: 43.44 MiB/s, 平均速率: 31.49 MiB/s, 最高分辨率: 1920x1080, 平均帧率: 25.0, 视频编解码器: h264, 音频编解码器: mp2
分类: ☘️湖北频道, 名称: 湖北卫视4K, 有效: 8, IPv4: 10, IPv6: 0, 最小延迟: 96 ms, 最高速率: 34.06 MiB/s, 平均速率: 25.20 MiB/s, 最高分辨率: 1920x1080, 平均帧率: 28.33, 视频编解码器: h264, 音频编解码器: aac
分类: ☘️湖北频道, 名称: 湖北综合, 有效: 0, IPv4: 10, IPv6: 0, 最小延迟: 887 ms, 最高速率: 0.02 MiB/s, 平均速率: 0.00 MiB/s, 最高分辨率: —, 平均帧率: 未知, 视频编解码器: 未知, 音频编解码器: 未知
分类: ☘️湖北频道, 名称: 湖北经视, 有效: 0, IPv4: 13, IPv6: 0, 最小延迟: 539 ms, 最高速率: 0.10 MiB/s, 平均速率: 0.00 MiB/s, 最高分辨率: —, 平均帧率: 未知, 视频编解码器: 未知, 音频编解码器: 未知
分类: ☘️湖北频道, 名称: 湖北生活, 有效: 0, IPv4: 10, IPv6: 0, 最小延迟: — ms, 最高速率: 0.00 MiB/s, 平均速率: 0.00 MiB/s, 最高分辨率: —, 平均帧率: 未知, 视频编解码器: 未知, 音频编解码器: 未知
分类: ☘️湖北频道, 名称: 湖北教育, 有效: 0, IPv4: 10, IPv6: 0, 最小延迟: 751 ms, 最高速率: 0.15 MiB/s, 平均速率: 0.00 MiB/s, 最高分辨率: 1280x720, 平均帧率: 未知, 视频编解码器: 未知, 音频编解码器: 未知
分类: ☘️湖北频道, 名称: 湖北影视, 有效: 0, IPv4: 11, IPv6: 0, 最小延迟: 578 ms, 最高速率: 0.19 MiB/s, 平均速率: 0.00 MiB/s, 最高分辨率: —, 平均帧率: 未知, 视频编解码器: 未知, 音频编解码器: 未知
分类: ☘️湖北频道, 名称: 湖北公共新闻, 有效: 0, IPv4: 5, IPv6: 0, 最小延迟: 546 ms, 最高速率: 0.00 MiB/s, 平均速率: 0.00 MiB/s, 最高分辨率: —, 平均帧率: 未知, 视频编解码器: 未知, 音频编解码器: 未知
分类: ☘️湖北频道, 名称: 湖北垄上, 有效: 0, IPv4: 8, IPv6: 0, 最小延迟: 1016 ms, 最高速率: 0.09 MiB/s, 平均速率: 0.00 MiB/s, 最高分辨率: —, 平均帧率: 未知, 视频编解码器: 未知, 音频编解码器: 未知
分类: ☘️湖北频道, 名称: 武汉一台新闻综合, 有效: 0, IPv4: 1, IPv6: 0, 最小延迟: — ms, 最高速率: 0.00 MiB/s, 平均速率: 0.00 MiB/s, 最高分辨率: —, 平均帧率: 未知, 视频编解码器: 未知, 音频编解码器: 未知
分类: ☘️湖北频道, 名称: 湖北公共, 有效: 0, IPv4: 1, IPv6: 0, 最小延迟: — ms, 最高速率: 0.00 MiB/s, 平均速率: 0.00 MiB/s, 最高分辨率: —, 平均帧率: 未知, 视频编解码器: 未知, 音频编解码器: 未知
分类: ☘️湖北频道, 名称: 武汉教育, 有效: 0, IPv4: 2, IPv6: 0, 最小延迟: 1026 ms, 最高速率: 0.09 MiB/s, 平均速率: 0.00 MiB/s, 最高分辨率: —, 平均帧率: 未知, 视频编解码器: 未知, 音频编解码器: 未知
分类: ☘️湖北频道, 名称: 武汉经济, 有效: 0, IPv4: 1, IPv6: 0, 最小延迟: — ms, 最高速率: 0.00 MiB/s, 平均速率: 0.00 MiB/s, 最高分辨率: —, 平均帧率: 未知, 视频编解码器: 未知, 音频编解码器: 未知
分类: ☘️湖北频道, 名称: 武汉新闻综合, 有效: 0, IPv4: 5, IPv6: 0, 最小延迟: 543 ms, 最高速率: 0.07 MiB/s, 平均速率: 0.00 MiB/s, 最高分辨率: 1920x1080, 平均帧率: 未知, 视频编解码器: 未知, 音频编解码器: 未知
分类: ☘️湖北频道, 名称: 武汉文体, 有效: 0, IPv4: 4, IPv6: 0, 最小延迟: 529 ms, 最高速率: 0.00 MiB/s, 平均速率: 0.00 MiB/s, 最高分辨率: —, 平均帧率: 未知, 视频编解码器: 未知, 音频编解码器: 未知
分类: ☘️湖北频道, 名称: 武汉外语, 有效: 0, IPv4: 1, IPv6: 0, 最小延迟: — ms, 最高速率: 0.00 MiB/s, 平均速率: 0.00 MiB/s, 最高分辨率: —, 平均帧率: 未知, 视频编解码器: 未知, 音频编解码器: 未知
分类: ☘️湖北频道, 名称: 十堰新闻, 有效: 1, IPv4: 3, IPv6: 0, 最小延迟: 425 ms, 最高速率: 0.21 MiB/s, 平均速率: 0.21 MiB/s, 最高分辨率: 1280x720, 平均帧率: 25.0, 视频编解码器: h264, 音频编解码器: aac
分类: ☘️湖北频道, 名称: 江夏新闻综合, 有效: 0, IPv4: 2, IPv6: 0, 最小延迟: 728 ms, 最高速率: 0.07 MiB/s, 平均速率: 0.00 MiB/s, 最高分辨率: —, 平均帧率: 未知, 视频编解码器: 未知, 音频编解码器: 未知
分类: ☘️湖北频道, 名称: 武汉生活, 有效: 0, IPv4: 1, IPv6: 0, 最小延迟: 687 ms, 最高速率: 0.03 MiB/s, 平均速率: 0.00 MiB/s, 最高分辨率: —, 平均帧率: 未知, 视频编解码器: 未知, 音频编解码器: 未知
分类: ☘️湖北频道, 名称: 潜江综合, 有效: 0, IPv4: 1, IPv6: 0, 最小延迟: 1561 ms, 最高速率: 0.43 MiB/s, 平均速率: 0.00 MiB/s, 最高分辨率: 1920x1080, 平均帧率: 未知, 视频编解码器: 未知, 音频编解码器: 未知
分类: ☘️湖北频道, 名称: 武汉新闻, 有效: 0, IPv4: 2, IPv6: 0, 最小延迟: — ms, 最高速率: 0.00 MiB/s, 平均速率: 0.00 MiB/s, 最高分辨率: —, 平均帧率: 未知, 视频编解码器: 未知, 音频编解码器: 未知
分类: ☘️湖北频道, 名称: 崇阳综合, 有效: 0, IPv4: 1, IPv6: 0, 最小延迟: — ms, 最高速率: 0.00 MiB/s, 平均速率: 0.00 MiB/s, 最高分辨率: —, 平均帧率: 未知, 视频编解码器: 未知, 音频编解码器: 未知
分类: 📡卫视咪咕, 名称: 浙江卫视, 有效: 5, IPv4: 6, IPv6: 0, 最小延迟: 40 ms, 最高速率: 71.64 MiB/s, 平均速率: 48.12 MiB/s, 最高分辨率: 1920x1080, 平均帧率: 未知, 视频编解码器: 未知, 音频编解码器: 未知
分类: 📡卫视咪咕, 名称: 北京卫视, 有效: 5, IPv4: 8, IPv6: 0, 最小延迟: 49 ms, 最高速率: 56.88 MiB/s, 平均速率: 26.72 MiB/s, 最高分辨率: 1920x1080, 平均帧率: 未知, 视频编解码器: 未知, 音频编解码器: 未知
分类: 📡卫视咪咕, 名称: 江苏卫视, 有效: 5, IPv4: 11, IPv6: 0, 最小延迟: 47 ms, 最高速率: 61.81 MiB/s, 平均速率: 32.49 MiB/s, 最高分辨率: 1920x1080, 平均帧率: 未知, 视频编解码器: 未知, 音频编解码器: 未知
分类: 📡卫视咪咕, 名称: 湖南卫视, 有效: 6, IPv4: 10, IPv6: 0, 最小延迟: 4 ms, 最高速率: 96.03 MiB/s, 平均速率: 31.32 MiB/s, 最高分辨率: 3840x2160, 平均帧率: 未知, 视频编解码器: 未知, 音频编解码器: 未知
分类: 📡卫视咪咕, 名称: 广东卫视, 有效: 6, IPv4: 7, IPv6: 0, 最小延迟: 43 ms, 最高速率: 57.51 MiB/s, 平均速率: 45.18 MiB/s, 最高分辨率: 1920x1080, 平均帧率: 未知, 视频编解码器: 未知, 音频编解码器: 未知
分类: 📡卫视咪咕, 名称: 深圳卫视, 有效: 5, IPv4: 7, IPv6: 0, 最小延迟: 42 ms, 最高速率: 59.42 MiB/s, 平均速率: 51.12 MiB/s, 最高分辨率: 1920x1080, 平均帧率: 未知, 视频编解码器: 未知, 音频编解码器: 未知
分类: 📡卫视咪咕, 名称: 天津卫视, 有效: 5, IPv4: 7, IPv6: 0, 最小延迟: 41 ms, 最高速率: 67.87 MiB/s, 平均速率: 41.72 MiB/s, 最高分辨率: 1920x1080, 平均帧率: 未知, 视频编解码器: 未知, 音频编解码器: 未知
分类: 📡卫视咪咕, 名称: 安徽卫视, 有效: 5, IPv4: 8, IPv6: 0, 最小延迟: 55 ms, 最高速率: 53.36 MiB/s, 平均速率: 49.90 MiB/s, 最高分辨率: 1920x1080, 平均帧率: 未知, 视频编解码器: 未知, 音频编解码器: 未知
分类: 📡卫视咪咕, 名称: 山东卫视, 有效: 5, IPv4: 9, IPv6: 0, 最小延迟: 39 ms, 最高速率: 73.58 MiB/s, 平均速率: 35.82 MiB/s, 最高分辨率: 1920x1080, 平均帧率: 未知, 视频编解码器: 未知, 音频编解码器: 未知
分类: 📡卫视咪咕, 名称: 山西卫视, 有效: 5, IPv4: 10, IPv6: 0, 最小延迟: 40 ms, 最高速率: 73.89 MiB/s, 平均速率: 41.90 MiB/s, 最高分辨率: 1920x1080, 平均帧率: 未知, 视频编解码器: 未知, 音频编解码器: 未知
分类: 📡卫视咪咕, 名称: 辽宁卫视, 有效: 6, IPv4: 10, IPv6: 0, 最小延迟: 47 ms, 最高速率: 60.95 MiB/s, 平均速率: 21.47 MiB/s, 最高分辨率: 1920x1080, 平均帧率: 未知, 视频编解码器: 未知, 音频编解码器: 未知
分类: 📡卫视咪咕, 名称: 河北卫视, 有效: 5, IPv4: 7, IPv6: 0, 最小延迟: 43 ms, 最高速率: 61.35 MiB/s, 平均速率: 54.89 MiB/s, 最高分辨率: 1920x1080, 平均帧率: 未知, 视频编解码器: 未知, 音频编解码器: 未知
分类: 📡卫视咪咕, 名称: 河南卫视, 有效: 5, IPv4: 6, IPv6: 0, 最小延迟: 48 ms, 最高速率: 53.16 MiB/s, 平均速率: 40.58 MiB/s, 最高分辨率: 1920x1080, 平均帧率: 未知, 视频编解码器: 未知, 音频编解码器: 未知
分类: 📡卫视咪咕, 名称: 江西卫视, 有效: 6, IPv4: 7, IPv6: 0, 最小延迟: 31 ms, 最高速率: 66.97 MiB/s, 平均速率: 35.40 MiB/s, 最高分辨率: 1920x1080, 平均帧率: 未知, 视频编解码器: 未知, 音频编解码器: 未知
分类: 📡卫视咪咕, 名称: 四川卫视, 有效: 5, IPv4: 8, IPv6: 0, 最小延迟: 42 ms, 最高速率: 59.89 MiB/s, 平均速率: 48.69 MiB/s, 最高分辨率: 1920x1080, 平均帧率: 未知, 视频编解码器: 未知, 音频编解码器: 未知
分类: 📡卫视咪咕, 名称: 重庆卫视, 有效: 5, IPv4: 8, IPv6: 0, 最小延迟: 41 ms, 最高速率: 70.48 MiB/s, 平均速率: 32.86 MiB/s, 最高分辨率: 1920x1080, 平均帧率: 未知, 视频编解码器: 未知, 音频编解码器: 未知
分类: 📡卫视咪咕, 名称: 贵州卫视, 有效: 6, IPv4: 7, IPv6: 0, 最小延迟: 33 ms, 最高速率: 61.36 MiB/s, 平均速率: 26.75 MiB/s, 最高分辨率: 1920x1080, 平均帧率: 未知, 视频编解码器: 未知, 音频编解码器: 未知
分类: 📡卫视咪咕, 名称: 湖北卫视, 有效: 5, IPv4: 11, IPv6: 0, 最小延迟: 32 ms, 最高速率: 13.27 MiB/s, 平均速率: 5.35 MiB/s, 最高分辨率: 1920x1080, 平均帧率: 未知, 视频编解码器: 未知, 音频编解码器: 未知
分类: 📡卫视咪咕, 名称: 广西卫视, 有效: 6, IPv4: 9, IPv6: 0, 最小延迟: 32 ms, 最高速率: 31.63 MiB/s, 平均速率: 18.78 MiB/s, 最高分辨率: 1920x1080, 平均帧率: 未知, 视频编解码器: 未知, 音频编解码器: 未知
分类: 📡卫视咪咕, 名称: 云南卫视, 有效: 5, IPv4: 10, IPv6: 0, 最小延迟: 32 ms, 最高速率: 60.37 MiB/s, 平均速率: 26.66 MiB/s, 最高分辨率: 1920x1080, 平均帧率: 未知, 视频编解码器: 未知, 音频编解码器: 未知
分类: 📡卫视咪咕, 名称: 湾区卫视, 有效: 0, IPv4: 1, IPv6: 0, 最小延迟: — ms, 最高速率: 0.00 MiB/s, 平均速率: 0.00 MiB/s, 最高分辨率: —, 平均帧率: 未知, 视频编解码器: 未知, 音频编解码器: 未知
分类: 📡卫视咪咕, 名称: 东南卫视, 有效: 5, IPv4: 11, IPv6: 0, 最小延迟: 32 ms, 最高速率: 69.83 MiB/s, 平均速率: 42.21 MiB/s, 最高分辨率: 1920x1080, 平均帧率: 未知, 视频编解码器: 未知, 音频编解码器: 未知
分类: 📡卫视咪咕, 名称: 海南卫视, 有效: 5, IPv4: 7, IPv6: 0, 最小延迟: 42 ms, 最高速率: 58.17 MiB/s, 平均速率: 47.05 MiB/s, 最高分辨率: 1920x1080, 平均帧率: 未知, 视频编解码器: 未知, 音频编解码器: 未知
分类: 📡卫视咪咕, 名称: 青海卫视, 有效: 7, IPv4: 37, IPv6: 0, 最小延迟: 32 ms, 最高速率: 65.10 MiB/s, 平均速率: 45.16 MiB/s, 最高分辨率: 1920x1080, 平均帧率: 26.88, 视频编解码器: h264, 音频编解码器: aac
分类: 📡卫视咪咕, 名称: 甘肃卫视, 有效: 6, IPv4: 9, IPv6: 0, 最小延迟: 39 ms, 最高速率: 63.07 MiB/s, 平均速率: 39.18 MiB/s, 最高分辨率: 1920x1080, 平均帧率: 未知, 视频编解码器: 未知, 音频编解码器: 未知
分类: 📡卫视咪咕, 名称: 陕西卫视, 有效: 5, IPv4: 7, IPv6: 0, 最小延迟: 31 ms, 最高速率: 55.91 MiB/s, 平均速率: 39.62 MiB/s, 最高分辨率: 1920x1080, 平均帧率: 未知, 视频编解码器: 未知, 音频编解码器: 未知
分类: 📡卫视咪咕, 名称: 宁夏卫视, 有效: 6, IPv4: 7, IPv6: 0, 最小延迟: 47 ms, 最高速率: 53.67 MiB/s, 平均速率: 36.23 MiB/s, 最高分辨率: 1920x1080, 平均帧率: 未知, 视频编解码器: 未知, 音频编解码器: 未知
分类: 📡卫视咪咕, 名称: 新疆卫视, 有效: 5, IPv4: 8, IPv6: 0, 最小延迟: 58 ms, 最高速率: 49.51 MiB/s, 平均速率: 40.03 MiB/s, 最高分辨率: 1920x1080, 平均帧率: 未知, 视频编解码器: 未知, 音频编解码器: 未知
分类: 📡卫视咪咕, 名称: 吉林卫视, 有效: 5, IPv4: 7, IPv6: 0, 最小延迟: 43 ms, 最高速率: 70.92 MiB/s, 平均速率: 57.23 MiB/s, 最高分辨率: 1920x1080, 平均帧率: 未知, 视频编解码器: 未知, 音频编解码器: 未知
分类: 📡卫视咪咕, 名称: 西藏卫视, 有效: 5, IPv4: 9, IPv6: 0, 最小延迟: 32 ms, 最高速率: 45.92 MiB/s, 平均速率: 20.52 MiB/s, 最高分辨率: 1920x1080, 平均帧率: 未知, 视频编解码器: 未知, 音频编解码器: 未知
分类: 📡卫视咪咕, 名称: 黑龙江视, 有效: 0, IPv4: 6, IPv6: 0, 最小延迟: — ms, 最高速率: 0.00 MiB/s, 平均速率: 0.00 MiB/s, 最高分辨率: —, 平均帧率: 未知, 视频编解码器: 未知, 音频编解码器: 未知
分类: 📡卫视咪咕, 名称: 内蒙古视, 有效: 0, IPv4: 5, IPv6: 0, 最小延迟: — ms, 最高速率: 0.00 MiB/s, 平均速率: 0.00 MiB/s, 最高分辨率: —, 平均帧率: 未知, 视频编解码器: 未知, 音频编解码器: 未知
分类: 📡卫视咪咕, 名称: 兵团卫视, 有效: 3, IPv4: 83, IPv6: 0, 最小延迟: 41 ms, 最高速率: 64.01 MiB/s, 平均速率: 57.80 MiB/s, 最高分辨率: 1920x1080, 平均帧率: 25.0, 视频编解码器: h264, 音频编解码器: mp2
分类: 📡卫视咪咕, 名称: 东方卫视, 有效: 6, IPv4: 9, IPv6: 0, 最小延迟: 32 ms, 最高速率: 57.59 MiB/s, 平均速率: 17.80 MiB/s, 最高分辨率: 1920x1080, 平均帧率: 未知, 视频编解码器: 未知, 音频编解码器: 未知
分类: 📡卫视频道, 名称: 香港卫视, 有效: 4, IPv4: 13, IPv6: 0, 最小延迟: 5 ms, 最高速率: 11.89 MiB/s, 平均速率: 6.70 MiB/s, 最高分辨率: 1280x720, 平均帧率: 未知, 视频编解码器: 未知, 音频编解码器: aac
分类: 📡卫视频道, 名称: 黑龙江卫视, 有效: 5, IPv4: 10, IPv6: 0, 最小延迟: 39 ms, 最高速率: 67.11 MiB/s, 平均速率: 48.94 MiB/s, 最高分辨率: 1920x1080, 平均帧率: 未知, 视频编解码器: 未知, 音频编解码器: 未知
分类: 📡卫视频道, 名称: 内蒙古卫视, 有效: 5, IPv4: 6, IPv6: 0, 最小延迟: 45 ms, 最高速率: 61.11 MiB/s, 平均速率: 56.13 MiB/s, 最高分辨率: 1920x1080, 平均帧率: 未知, 视频编解码器: 未知, 音频编解码器: 未知
分类: 📡卫视频道, 名称: 三沙卫视, 有效: 5, IPv4: 7, IPv6: 0, 最小延迟: 56 ms, 最高速率: 53.20 MiB/s, 平均速率: 36.43 MiB/s, 最高分辨率: 1920x1080, 平均帧率: 未知, 视频编解码器: 未知, 音频编解码器: 未知
分类: 🌊港·澳·台, 名称: 翡翠台, 有效: 3, IPv4: 37, IPv6: 0, 最小延迟: 30 ms, 最高速率: 8.91 MiB/s, 平均速率: 4.03 MiB/s, 最高分辨率: 1920x1080, 平均帧率: 30.0, 视频编解码器: h264, 音频编解码器: aac
分类: 🌊港·澳·台, 名称: 明珠台, 有效: 1, IPv4: 16, IPv6: 0, 最小延迟: 94 ms, 最高速率: 2.41 MiB/s, 平均速率: 2.41 MiB/s, 最高分辨率: 1920x1080, 平均帧率: 37.5, 视频编解码器: h264, 音频编解码器: mp2
分类: 🌊港·澳·台, 名称: 凤凰中文, 有效: 5, IPv4: 12, IPv6: 0, 最小延迟: 49 ms, 最高速率: 55.46 MiB/s, 平均速率: 33.06 MiB/s, 最高分辨率: 1920x1080, 平均帧率: 未知, 视频编解码器: 未知, 音频编解码器: 未知
分类: 🌊港·澳·台, 名称: 凤凰资讯, 有效: 5, IPv4: 13, IPv6: 0, 最小延迟: 32 ms, 最高速率: 52.70 MiB/s, 平均速率: 22.05 MiB/s, 最高分辨率: 1920x1080, 平均帧率: 25.0, 视频编解码器: mpeg2video, 音频编解码器: mp2
分类: 🌊港·澳·台, 名称: 凤凰香港, 有效: 3, IPv4: 21, IPv6: 0, 最小延迟: 32 ms, 最高速率: 17.61 MiB/s, 平均速率: 6.17 MiB/s, 最高分辨率: 1920x1080, 平均帧率: 35.0, 视频编解码器: h264, 音频编解码器: aac
分类: 🌊港·澳·台, 名称: 凤凰卫视, 有效: 0, IPv4: 17, IPv6: 0, 最小延迟: 32 ms, 最高速率: 4.57 MiB/s, 平均速率: 0.00 MiB/s, 最高分辨率: 840x480, 平均帧率: 30.0, 视频编解码器: h264, 音频编解码器: aac
分类: 🌊港·澳·台, 名称: TVBS亚洲, 有效: 2, IPv4: 9, IPv6: 0, 最小延迟: 62 ms, 最高速率: 3.00 MiB/s, 平均速率: 2.03 MiB/s, 最高分辨率: 1920x1080, 平均帧率: 未知, 视频编解码器: 未知, 音频编解码器: 未知
分类: 🌊港·澳·台, 名称: 纬来体育, 有效: 0, IPv4: 11, IPv6: 0, 最小延迟: 53 ms, 最高速率: 0.10 MiB/s, 平均速率: 0.00 MiB/s, 最高分辨率: 1280x720, 平均帧率: 未知, 视频编解码器: 未知, 音频编解码器: 未知
分类: 🌊港·澳·台, 名称: 纬来育乐, 有效: 0, IPv4: 12, IPv6: 0, 最小延迟: — ms, 最高速率: 0.00 MiB/s, 平均速率: 0.00 MiB/s, 最高分辨率: —, 平均帧率: 未知, 视频编解码器: 未知, 音频编解码器: 未知
分类: 🌊港·澳·台, 名称: Viutv, 有效: 1, IPv4: 3, IPv6: 0, 最小延迟: 419 ms, 最高速率: 0.52 MiB/s, 平均速率: 0.52 MiB/s, 最高分辨率: 1920x1080, 平均帧率: 25.0, 视频编解码器: h264, 音频编解码器: ac3
分类: 🌊港·澳·台, 名称: 三立台湾, 有效: 0, IPv4: 4, IPv6: 0, 最小延迟: — ms, 最高速率: 0.00 MiB/s, 平均速率: 0.00 MiB/s, 最高分辨率: —, 平均帧率: 未知, 视频编解码器: 未知, 音频编解码器: 未知
分类: 🌊港·澳·台, 名称: 无线新闻, 有效: 6, IPv4: 19, IPv6: 0, 最小延迟: 47 ms, 最高速率: 9.16 MiB/s, 平均速率: 4.64 MiB/s, 最高分辨率: 1920x1080, 平均帧率: 27.49, 视频编解码器: h264, 音频编解码器: aac
分类: 🌊港·澳·台, 名称: J2, 有效: 0, IPv4: 1, IPv6: 0, 最小延迟: — ms, 最高速率: 0.00 MiB/s, 平均速率: 0.00 MiB/s, 最高分辨率: —, 平均帧率: 未知, 视频编解码器: 未知, 音频编解码器: 未知
分类: 🌊港·澳·台, 名称: 三立新闻, 有效: 0, IPv4: 6, IPv6: 0, 最小延迟: 49 ms, 最高速率: 0.46 MiB/s, 平均速率: 0.00 MiB/s, 最高分辨率: 1920x1080, 平均帧率: 未知, 视频编解码器: 未知, 音频编解码器: 未知
分类: 🌊港·澳·台, 名称: 东森综合, 有效: 2, IPv4: 7, IPv6: 0, 最小延迟: 12 ms, 最高速率: 110.13 MiB/s, 平均速率: 55.93 MiB/s, 最高分辨率: 1280x720, 平均帧率: 未知, 视频编解码器: 未知, 音频编解码器: 未知
分类: 🌊港·澳·台, 名称: 东森超视, 有效: 5, IPv4: 10, IPv6: 0, 最小延迟: 100 ms, 最高速率: 1.62 MiB/s, 平均速率: 1.17 MiB/s, 最高分辨率: 1920x1080, 平均帧率: 29.97, 视频编解码器: h264, 音频编解码器: aac
分类: 🌊港·澳·台, 名称: 东森电影, 有效: 0, IPv4: 11, IPv6: 0, 最小延迟: 50 ms, 最高速率: 0.47 MiB/s, 平均速率: 0.00 MiB/s, 最高分辨率: 1920x1080, 平均帧率: 未知, 视频编解码器: 未知, 音频编解码器: 未知
分类: 🌊港·澳·台, 名称: 靖天资讯, 有效: 0, IPv4: 7, IPv6: 0, 最小延迟: — ms, 最高速率: 0.00 MiB/s, 平均速率: 0.00 MiB/s, 最高分辨率: —, 平均帧率: 未知, 视频编解码器: 未知, 音频编解码器: 未知
分类: 🌊港·澳·台, 名称: Now剧集, 有效: 0, IPv4: 1, IPv6: 0, 最小延迟: — ms, 最高速率: 0.00 MiB/s, 平均速率: 0.00 MiB/s, 最高分辨率: —, 平均帧率: 未知, 视频编解码器: 未知, 音频编解码器: 未知
分类: 🌊港·澳·台, 名称: Now华剧, 有效: 0, IPv4: 1, IPv6: 0, 最小延迟: — ms, 最高速率: 0.00 MiB/s, 平均速率: 0.00 MiB/s, 最高分辨率: —, 平均帧率: 未知, 视频编解码器: 未知, 音频编解码器: 未知
分类: 🌊港·澳·台, 名称: 星卫娱乐, 有效: 0, IPv4: 1, IPv6: 0, 最小延迟: — ms, 最高速率: 0.00 MiB/s, 平均速率: 0.00 MiB/s, 最高分辨率: —, 平均帧率: 未知, 视频编解码器: 未知, 音频编解码器: 未知
分类: 🎬电影频道, 名称: CHC家庭影院, 有效: 5, IPv4: 8, IPv6: 0, 最小延迟: 32 ms, 最高速率: 67.02 MiB/s, 平均速率: 33.05 MiB/s, 最高分辨率: 1920x1080, 平均帧率: 未知, 视频编解码器: 未知, 音频编解码器: 未知
分类: 🎬电影频道, 名称: CHC动作电影, 有效: 6, IPv4: 9, IPv6: 0, 最小延迟: 32 ms, 最高速率: 52.86 MiB/s, 平均速率: 19.59 MiB/s, 最高分辨率: 1920x1080, 平均帧率: 未知, 视频编解码器: 未知, 音频编解码器: 未知
分类: 🎬电影频道, 名称: CHC高清电影, 有效: 0, IPv4: 13, IPv6: 0, 最小延迟: 381 ms, 最高速率: 0.23 MiB/s, 平均速率: 0.00 MiB/s, 最高分辨率: 1920x1080, 平均帧率: 25.0, 视频编解码器: h264, 音频编解码器: aac
分类: 🎬电影频道, 名称: 成龙, 有效: 1, IPv4: 3, IPv6: 0, 最小延迟: 51 ms, 最高速率: 0.99 MiB/s, 平均速率: 0.99 MiB/s, 最高分辨率: 1920x800, 平均帧率: 60.0, 视频编解码器: h264, 音频编解码器: aac
分类: 🎬电影频道, 名称: 沈腾, 有效: 0, IPv4: 2, IPv6: 0, 最小延迟: 553 ms, 最高速率: 0.33 MiB/s, 平均速率: 0.00 MiB/s, 最高分辨率: 1920x804, 平均帧率: 未知, 视频编解码器: 未知, 音频编解码器: 未知
分类: 🎬电影频道, 名称: 王晶, 有效: 2, IPv4: 2, IPv6: 0, 最小延迟: 521 ms, 最高速率: 3.00 MiB/s, 平均速率: 1.72 MiB/s, 最高分辨率: 1280x720, 平均帧率: 未知, 视频编解码器: 未知, 音频编解码器: 未知
分类: 🎬电影频道, 名称: 黄渤, 有效: 1, IPv4: 2, IPv6: 0, 最小延迟: 157 ms, 最高速率: 0.69 MiB/s, 平均速率: 0.69 MiB/s, 最高分辨率: 1280x720, 平均帧率: 未知, 视频编解码器: 未知, 音频编解码器: 未知
分类: 🎬电影频道, 名称: 周星驰, 有效: 1, IPv4: 3, IPv6: 0, 最小延迟: 40 ms, 最高速率: 0.63 MiB/s, 平均速率: 0.63 MiB/s, 最高分辨率: 1280x720, 平均帧率: 未知, 视频编解码器: 未知, 音频编解码器: 未知
分类: 🎬电影频道, 名称: 周润发, 有效: 2, IPv4: 6, IPv6: 0, 最小延迟: 32 ms, 最高速率: 18.04 MiB/s, 平均速率: 9.96 MiB/s, 最高分辨率: 1920x1080, 平均帧率: 未知, 视频编解码器: 未知, 音频编解码器: 未知
分类: 🎬电影频道, 名称: 李连杰, 有效: 0, IPv4: 2, IPv6: 0, 最小延迟: 535 ms, 最高速率: 0.09 MiB/s, 平均速率: 0.00 MiB/s, 最高分辨率: 1280x720, 平均帧率: 未知, 视频编解码器: 未知, 音频编解码器: 未知
分类: 🎬电影频道, 名称: 刘德华, 有效: 1, IPv4: 1, IPv6: 0, 最小延迟: 864 ms, 最高速率: 1.24 MiB/s, 平均速率: 1.24 MiB/s, 最高分辨率: —, 平均帧率: 未知, 视频编解码器: 未知, 音频编解码器: 未知
分类: 🎬电影频道, 名称: 洪金宝, 有效: 2, IPv4: 2, IPv6: 0, 最小延迟: 43 ms, 最高速率: 3.62 MiB/s, 平均速率: 2.16 MiB/s, 最高分辨率: 1280x720, 平均帧率: 未知, 视频编解码器: 未知, 音频编解码器: 未知
分类: 🎬电影频道, 名称: 庆余年, 有效: 1, IPv4: 2, IPv6: 0, 最小延迟: 667 ms, 最高速率: 0.69 MiB/s, 平均速率: 0.69 MiB/s, 最高分辨率: 1920x1080, 平均帧率: 60.0, 视频编解码器: h264, 音频编解码器: aac
分类: 🎬电影频道, 名称: 斯坦森, 有效: 1, IPv4: 1, IPv6: 0, 最小延迟: 128 ms, 最高速率: 1.17 MiB/s, 平均速率: 1.17 MiB/s, 最高分辨率: 1280x720, 平均帧率: 未知, 视频编解码器: 未知, 音频编解码器: 未知
分类: 🎬电影频道, 名称: 陈情令, 有效: 1, IPv4: 5, IPv6: 0, 最小延迟: 22 ms, 最高速率: 1.31 MiB/s, 平均速率: 1.31 MiB/s, 最高分辨率: 1920x1080, 平均帧率: 未知, 视频编解码器: 未知, 音频编解码器: 未知
分类: 🎬电影频道, 名称: 强森, 有效: 1, IPv4: 1, IPv6: 0, 最小延迟: 599 ms, 最高速率: 0.47 MiB/s, 平均速率: 0.47 MiB/s, 最高分辨率: 1280x720, 平均帧率: 未知, 视频编解码器: 未知, 音频编解码器: 未知
分类: 🎬电影频道, 名称: 古天乐, 有效: 2, IPv4: 3, IPv6: 0, 最小延迟: 487 ms, 最高速率: 1.19 MiB/s, 平均速率: 0.95 MiB/s, 最高分辨率: 1280x720, 平均帧率: 未知, 视频编解码器: 未知, 音频编解码器: 未知
分类: 🎬电影频道, 名称: 封神榜, 有效: 0, IPv4: 7, IPv6: 0, 最小延迟: 609 ms, 最高速率: 0.33 MiB/s, 平均速率: 0.00 MiB/s, 最高分辨率: 1920x1080, 平均帧率: 未知, 视频编解码器: 未知, 音频编解码器: 未知
分类: 🎬电影频道, 名称: 甄子丹, 有效: 2, IPv4: 2, IPv6: 0, 最小延迟: 42 ms, 最高速率: 3.07 MiB/s, 平均速率: 2.14 MiB/s, 最高分辨率: 1280x720, 平均帧率: 未知, 视频编解码器: 未知, 音频编解码器: 未知
分类: 🎬电影频道, 名称: 鹿鼎记, 有效: 1, IPv4: 3, IPv6: 0, 最小延迟: 539 ms, 最高速率: 0.49 MiB/s, 平均速率: 0.49 MiB/s, 最高分辨率: 1280x720, 平均帧率: 未知, 视频编解码器: 未知, 音频编解码器: 未知
分类: 🎬电影频道, 名称: 寻秦记, 有效: 1, IPv4: 8, IPv6: 0, 最小延迟: 98 ms, 最高速率: 3.59 MiB/s, 平均速率: 3.59 MiB/s, 最高分辨率: 1280x720, 平均帧率: 30.0, 视频编解码器: h264, 音频编解码器: aac
分类: 🎬电影频道, 名称: 洗冤录, 有效: 1, IPv4: 6, IPv6: 0, 最小延迟: 142 ms, 最高速率: 1.08 MiB/s, 平均速率: 1.08 MiB/s, 最高分辨率: 1920x1080, 平均帧率: 未知, 视频编解码器: 未知, 音频编解码器: 未知
分类: 🎬电影频道, 名称: 创世纪, 有效: 2, IPv4: 9, IPv6: 0, 最小延迟: 41 ms, 最高速率: 2.13 MiB/s, 平均速率: 1.61 MiB/s, 最高分辨率: 1920x1080, 平均帧率: 30.0, 视频编解码器: h264, 音频编解码器: aac
分类: 🎬电影频道, 名称: 柳舟计, 有效: 1, IPv4: 3, IPv6: 0, 最小延迟: 74 ms, 最高速率: 1.33 MiB/s, 平均速率: 1.33 MiB/s, 最高分辨率: 1920x1080, 平均帧率: 未知, 视频编解码器: 未知, 音频编解码器: 未知
分类: 🎬电影频道, 名称: 大时代, 有效: 0, IPv4: 2, IPv6: 0, 最小延迟: 604 ms, 最高速率: 0.37 MiB/s, 平均速率: 0.00 MiB/s, 最高分辨率: 1920x960, 平均帧率: 25.0, 视频编解码器: h264, 音频编解码器: aac
分类: 🎬电影频道, 名称: 埋堆堆, 有效: 0, IPv4: 2, IPv6: 0, 最小延迟: 483 ms, 最高速率: 0.51 MiB/s, 平均速率: 0.00 MiB/s, 最高分辨率: 624x480, 平均帧率: 30.0, 视频编解码器: h264, 音频编解码器: aac
分类: 🎬电影频道, 名称: 埋堆堆2, 有效: 0, IPv4: 2, IPv6: 0, 最小延迟: — ms, 最高速率: 0.00 MiB/s, 平均速率: 0.00 MiB/s, 最高分辨率: —, 平均帧率: 未知, 视频编解码器: 未知, 音频编解码器: 未知
分类: 🎬电影频道, 名称: 金庸武侠, 有效: 0, IPv4: 3, IPv6: 0, 最小延迟: — ms, 最高速率: 0.00 MiB/s, 平均速率: 0.00 MiB/s, 最高分辨率: —, 平均帧率: 未知, 视频编解码器: 未知, 音频编解码器: 未知
分类: 🎬电影频道, 名称: 大秦赋, 有效: 0, IPv4: 1, IPv6: 0, 最小延迟: — ms, 最高速率: 0.00 MiB/s, 平均速率: 0.00 MiB/s, 最高分辨率: —, 平均帧率: 未知, 视频编解码器: 未知, 音频编解码器: 未知
分类: 🎬电影频道, 名称: 猫和老鼠动漫, 有效: 0, IPv4: 2, IPv6: 0, 最小延迟: 499 ms, 最高速率: 0.42 MiB/s, 平均速率: 0.00 MiB/s, 最高分辨率: 1024x576, 平均帧率: 25.0, 视频编解码器: h264, 音频编解码器: aac
分类: 🎬电影频道, 名称: 许氏三杰, 有效: 1, IPv4: 2, IPv6: 0, 最小延迟: 40 ms, 最高速率: 3.05 MiB/s, 平均速率: 3.05 MiB/s, 最高分辨率: 1280x720, 平均帧率: 未知, 视频编解码器: 未知, 音频编解码器: 未知
分类: 🎬电影频道, 名称: 不挤影院, 有效: 1, IPv4: 1, IPv6: 0, 最小延迟: 122 ms, 最高速率: 0.64 MiB/s, 平均速率: 0.64 MiB/s, 最高分辨率: 1280x720, 平均帧率: 未知, 视频编解码器: 未知, 音频编解码器: 未知
分类: 🎬电影频道, 名称: 国产悬疑, 有效: 2, IPv4: 3, IPv6: 0, 最小延迟: 45 ms, 最高速率: 1.51 MiB/s, 平均速率: 1.40 MiB/s, 最高分辨率: 1920x1080, 平均帧率: 30.0, 视频编解码器: h264, 音频编解码器: aac
分类: 🎬电影频道, 名称: 功夫片, 有效: 1, IPv4: 1, IPv6: 0, 最小延迟: 430 ms, 最高速率: 0.61 MiB/s, 平均速率: 0.61 MiB/s, 最高分辨率: 1280x720, 平均帧率: 未知, 视频编解码器: 未知, 音频编解码器: 未知
分类: 🎬电影频道, 名称: 高分动作, 有效: 1, IPv4: 1, IPv6: 0, 最小延迟: 231 ms, 最高速率: 0.90 MiB/s, 平均速率: 0.90 MiB/s, 最高分辨率: 1280x720, 平均帧率: 未知, 视频编解码器: 未知, 音频编解码器: 未知
分类: 🎬电影频道, 名称: 欢笑影院, 有效: 0, IPv4: 1, IPv6: 0, 最小延迟: 513 ms, 最高速率: 0.18 MiB/s, 平均速率: 0.00 MiB/s, 最高分辨率: 1280x720, 平均帧率: 未知, 视频编解码器: 未知, 音频编解码器: 未知
分类: 🎬电影频道, 名称: 周星星, 有效: 3, IPv4: 3, IPv6: 0, 最小延迟: 41 ms, 最高速率: 1.67 MiB/s, 平均速率: 1.15 MiB/s, 最高分辨率: 1920x800, 平均帧率: 60.0, 视频编解码器: h264, 音频编解码器: aac
分类: 🎬电影频道, 名称: 黑帮斗争, 有效: 1, IPv4: 1, IPv6: 0, 最小延迟: 52 ms, 最高速率: 2.50 MiB/s, 平均速率: 2.50 MiB/s, 最高分辨率: 1280x720, 平均帧率: 未知, 视频编解码器: 未知, 音频编解码器: 未知
分类: 🎬电影频道, 名称: 许冠英, 有效: 1, IPv4: 1, IPv6: 0, 最小延迟: 648 ms, 最高速率: 0.43 MiB/s, 平均速率: 0.43 MiB/s, 最高分辨率: 1280x720, 平均帧率: 未知, 视频编解码器: 未知, 音频编解码器: 未知
分类: 🎬电影频道, 名称: 放映厅, 有效: 1, IPv4: 1, IPv6: 0, 最小延迟: 689 ms, 最高速率: 0.73 MiB/s, 平均速率: 0.73 MiB/s, 最高分辨率: 1280x720, 平均帧率: 未知, 视频编解码器: 未知, 音频编解码器: 未知
分类: 🎬电影频道, 名称: 喜乐影院, 有效: 0, IPv4: 1, IPv6: 0, 最小延迟: 731 ms, 最高速率: 0.35 MiB/s, 平均速率: 0.00 MiB/s, 最高分辨率: 1920x1080, 平均帧率: 未知, 视频编解码器: 未知, 音频编解码器: 未知
分类: 🎬电影频道, 名称: 梁家辉, 有效: 1, IPv4: 1, IPv6: 0, 最小延迟: 1058 ms, 最高速率: 1.46 MiB/s, 平均速率: 1.46 MiB/s, 最高分辨率: 1280x720, 平均帧率: 未知, 视频编解码器: 未知, 音频编解码器: 未知
分类: 🎬电影频道, 名称: 周海媚, 有效: 1, IPv4: 1, IPv6: 0, 最小延迟: 524 ms, 最高速率: 0.47 MiB/s, 平均速率: 0.47 MiB/s, 最高分辨率: 1280x720, 平均帧率: 未知, 视频编解码器: 未知, 音频编解码器: 未知
分类: 🎬电影频道, 名称: 英叔, 有效: 1, IPv4: 1, IPv6: 0, 最小延迟: 1000 ms, 最高速率: 1.03 MiB/s, 平均速率: 1.03 MiB/s, 最高分辨率: 1920x1080, 平均帧率: 未知, 视频编解码器: 未知, 音频编解码器: 未知
分类: 🎬电影频道, 名称: 星爷, 有效: 0, IPv4: 1, IPv6: 0, 最小延迟: — ms, 最高速率: 0.00 MiB/s, 平均速率: 0.00 MiB/s, 最高分辨率: —, 平均帧率: 未知, 视频编解码器: 未知, 音频编解码器: 未知
分类: 🎬电影频道, 名称: 喜剧轮播, 有效: 1, IPv4: 1, IPv6: 0, 最小延迟: 805 ms, 最高速率: 0.65 MiB/s, 平均速率: 0.65 MiB/s, 最高分辨率: 1280x720, 平均帧率: 未知, 视频编解码器: 未知, 音频编解码器: 未知
分类: 🎬电影频道, 名称: 玄幻轮播, 有效: 0, IPv4: 1, IPv6: 0, 最小延迟: 490 ms, 最高速率: 0.57 MiB/s, 平均速率: 0.00 MiB/s, 最高分辨率: 852x480, 平均帧率: 30.0, 视频编解码器: h264, 音频编解码器: aac
分类: 🎬电影频道, 名称: 怪兽轮播, 有效: 1, IPv4: 1, IPv6: 0, 最小延迟: 114 ms, 最高速率: 3.83 MiB/s, 平均速率: 3.83 MiB/s, 最高分辨率: 1280x720, 平均帧率: 未知, 视频编解码器: 未知, 音频编解码器: 未知
分类: 🎬电影频道, 名称: 漫威轮播, 有效: 1, IPv4: 1, IPv6: 0, 最小延迟: 588 ms, 最高速率: 0.83 MiB/s, 平均速率: 0.83 MiB/s, 最高分辨率: 1920x958, 平均帧率: 未知, 视频编解码器: 未知, 音频编解码器: 未知
分类: 🎬电影频道, 名称: 港片轮播, 有效: 0, IPv4: 1, IPv6: 0, 最小延迟: 522 ms, 最高速率: 0.12 MiB/s, 平均速率: 0.00 MiB/s, 最高分辨率: 1280x720, 平均帧率: 未知, 视频编解码器: 未知, 音频编解码器: 未知
分类: 🎬电影频道, 名称: 武侠轮播, 有效: 1, IPv4: 1, IPv6: 0, 最小延迟: 1200 ms, 最高速率: 0.50 MiB/s, 平均速率: 0.50 MiB/s, 最高分辨率: 1280x720, 平均帧率: 未知, 视频编解码器: 未知, 音频编解码器: 未知
分类: 🎬电影频道, 名称: 宇宙轮播, 有效: 0, IPv4: 1, IPv6: 0, 最小延迟: 546 ms, 最高速率: 0.44 MiB/s, 平均速率: 0.00 MiB/s, 最高分辨率: 720x400, 平均帧率: 30.0, 视频编解码器: h264, 音频编解码器: aac
分类: 🎬电影频道, 名称: 枪战轮播, 有效: 1, IPv4: 1, IPv6: 0, 最小延迟: 91 ms, 最高速率: 3.51 MiB/s, 平均速率: 3.51 MiB/s, 最高分辨率: 1280x720, 平均帧率: 未知, 视频编解码器: 未知, 音频编解码器: 未知
分类: 🎬电影频道, 名称: 警匪轮播, 有效: 1, IPv4: 1, IPv6: 0, 最小延迟: 43 ms, 最高速率: 2.94 MiB/s, 平均速率: 2.94 MiB/s, 最高分辨率: 1280x720, 平均帧率: 未知, 视频编解码器: 未知, 音频编解码器: 未知
分类: 🎬电影频道, 名称: 盗墓轮播, 有效: 1, IPv4: 1, IPv6: 0, 最小延迟: 103 ms, 最高速率: 0.71 MiB/s, 平均速率: 0.71 MiB/s, 最高分辨率: 1280x720, 平均帧率: 未知, 视频编解码器: 未知, 音频编解码器: 未知
分类: 🎬电影频道, 名称: 救援轮播, 有效: 1, IPv4: 1, IPv6: 0, 最小延迟: 69 ms, 最高速率: 0.52 MiB/s, 平均速率: 0.52 MiB/s, 最高分辨率: 1280x720, 平均帧率: 未知, 视频编解码器: 未知, 音频编解码器: 未知
分类: 🎬电影频道, 名称: 罪犯轮播, 有效: 1, IPv4: 1, IPv6: 0, 最小延迟: 231 ms, 最高速率: 0.79 MiB/s, 平均速率: 0.79 MiB/s, 最高分辨率: 1280x720, 平均帧率: 未知, 视频编解码器: 未知, 音频编解码器: 未知
分类: 🎬电影频道, 名称: 喜剧专场, 有效: 1, IPv4: 2, IPv6: 0, 最小延迟: 45 ms, 最高速率: 0.38 MiB/s, 平均速率: 0.38 MiB/s, 最高分辨率: 1280x720, 平均帧率: 未知, 视频编解码器: 未知, 音频编解码器: 未知
分类: 🎬电影频道, 名称: 谍战轮播, 有效: 0, IPv4: 1, IPv6: 0, 最小延迟: 1501 ms, 最高速率: 0.07 MiB/s, 平均速率: 0.00 MiB/s, 最高分辨率: 1280x720, 平均帧率: 未知, 视频编解码器: 未知, 音频编解码器: 未知
分类: 🎬电影频道, 名称: 海盗轮播, 有效: 1, IPv4: 1, IPv6: 0, 最小延迟: 46 ms, 最高速率: 0.74 MiB/s, 平均速率: 0.74 MiB/s, 最高分辨率: 1920x960, 平均帧率: 未知, 视频编解码器: 未知, 音频编解码器: 未知
分类: 🎬电影频道, 名称: 女神系列, 有效: 1, IPv4: 2, IPv6: 0, 最小延迟: 47 ms, 最高速率: 0.50 MiB/s, 平均速率: 0.50 MiB/s, 最高分辨率: 1280x720, 平均帧率: 未知, 视频编解码器: 未知, 音频编解码器: 未知
分类: 🎬电影频道, 名称: 热血轮播, 有效: 0, IPv4: 1, IPv6: 0, 最小延迟: 1748 ms, 最高速率: 0.04 MiB/s, 平均速率: 0.00 MiB/s, 最高分辨率: 1920x1080, 平均帧率: 未知, 视频编解码器: 未知, 音频编解码器: 未知
分类: 🎬电影频道, 名称: 战争轮播, 有效: 0, IPv4: 1, IPv6: 0, 最小延迟: 1314 ms, 最高速率: 0.13 MiB/s, 平均速率: 0.00 MiB/s, 最高分辨率: 1920x1080, 平均帧率: 未知, 视频编解码器: 未知, 音频编解码器: 未知
分类: 🎬电影频道, 名称: 陈翔六点, 有效: 0, IPv4: 1, IPv6: 0, 最小延迟: 42 ms, 最高速率: 0.21 MiB/s, 平均速率: 0.00 MiB/s, 最高分辨率: 1920x1080, 平均帧率: 未知, 视频编解码器: 未知, 音频编解码器: 未知
分类: 🎬电影频道, 名称: 小鬼头轮播, 有效: 0, IPv4: 1, IPv6: 0, 最小延迟: 1079 ms, 最高速率: 0.22 MiB/s, 平均速率: 0.00 MiB/s, 最高分辨率: 1920x1080, 平均帧率: 未知, 视频编解码器: 未知, 音频编解码器: 未知
分类: 🎬电影频道, 名称: 经典港片, 有效: 1, IPv4: 4, IPv6: 0, 最小延迟: 75 ms, 最高速率: 1.08 MiB/s, 平均速率: 1.08 MiB/s, 最高分辨率: 1280x720, 平均帧率: 未知, 视频编解码器: 未知, 音频编解码器: 未知
分类: 🎬电影频道, 名称: 经典女神, 有效: 1, IPv4: 1, IPv6: 0, 最小延迟: 325 ms, 最高速率: 2.74 MiB/s, 平均速率: 2.74 MiB/s, 最高分辨率: 1920x1072, 平均帧率: 未知, 视频编解码器: 未知, 音频编解码器: 未知
分类: 🎬电影频道, 名称: 嫣然影厅, 有效: 0, IPv4: 1, IPv6: 0, 最小延迟: 649 ms, 最高速率: 0.12 MiB/s, 平均速率: 0.00 MiB/s, 最高分辨率: 1280x720, 平均帧率: 未知, 视频编解码器: 未知, 音频编解码器: 未知
分类: 🎬电影频道, 名称: 超异能族, 有效: 0, IPv4: 2, IPv6: 0, 最小延迟: 1811 ms, 最高速率: 0.03 MiB/s, 平均速率: 0.00 MiB/s, 最高分辨率: 1280x720, 平均帧率: 未知, 视频编解码器: 未知, 音频编解码器: 未知
分类: 🎬电影频道, 名称: 镖行天下, 有效: 1, IPv4: 1, IPv6: 0, 最小延迟: 41 ms, 最高速率: 2.32 MiB/s, 平均速率: 2.32 MiB/s, 最高分辨率: 1280x720, 平均帧率: 未知, 视频编解码器: 未知, 音频编解码器: 未知
分类: 🎬电影频道, 名称: 搞笑恐怖, 有效: 0, IPv4: 1, IPv6: 0, 最小延迟: 1357 ms, 最高速率: 0.13 MiB/s, 平均速率: 0.00 MiB/s, 最高分辨率: 1920x1032, 平均帧率: 未知, 视频编解码器: 未知, 音频编解码器: 未知
分类: 🎬电影频道, 名称: 蘑菇影厅, 有效: 0, IPv4: 1, IPv6: 0, 最小延迟: — ms, 最高速率: 0.00 MiB/s, 平均速率: 0.00 MiB/s, 最高分辨率: 1280x720, 平均帧率: 未知, 视频编解码器: 未知, 音频编解码器: 未知
分类: 🎬电影频道, 名称: 死神来了, 有效: 0, IPv4: 1, IPv6: 0, 最小延迟: 1340 ms, 最高速率: 0.12 MiB/s, 平均速率: 0.00 MiB/s, 最高分辨率: 1920x1080, 平均帧率: 未知, 视频编解码器: 未知, 音频编解码器: 未知
分类: 🎬电影频道, 名称: 古墓系列, 有效: 0, IPv4: 1, IPv6: 0, 最小延迟: 160 ms, 最高速率: 0.20 MiB/s, 平均速率: 0.00 MiB/s, 最高分辨率: —, 平均帧率: 未知, 视频编解码器: 未知, 音频编解码器: 未知
分类: 🎬电影频道, 名称: 五福星轮播, 有效: 1, IPv4: 1, IPv6: 0, 最小延迟: 43 ms, 最高速率: 0.80 MiB/s, 平均速率: 0.80 MiB/s, 最高分辨率: 1280x720, 平均帧率: 未知, 视频编解码器: 未知, 音频编解码器: 未知
分类: 🎬电影频道, 名称: 搞笑喜剧, 有效: 0, IPv4: 1, IPv6: 0, 最小延迟: 1722 ms, 最高速率: 0.06 MiB/s, 平均速率: 0.00 MiB/s, 最高分辨率: 1280x720, 平均帧率: 未知, 视频编解码器: 未知, 音频编解码器: 未知
分类: 🎬电影频道, 名称: 怪兽系列, 有效: 1, IPv4: 1, IPv6: 0, 最小延迟: 916 ms, 最高速率: 0.28 MiB/s, 平均速率: 0.28 MiB/s, 最高分辨率: 1280x720, 平均帧率: 未知, 视频编解码器: 未知, 音频编解码器: 未知
分类: 🎬电影频道, 名称: 法证先锋, 有效: 1, IPv4: 6, IPv6: 0, 最小延迟: 40 ms, 最高速率: 2.66 MiB/s, 平均速率: 2.66 MiB/s, 最高分辨率: 1280x720, 平均帧率: 未知, 视频编解码器: 未知, 音频编解码器: 未知
分类: 🎬电影频道, 名称: 金枝欲孽, 有效: 2, IPv4: 4, IPv6: 0, 最小延迟: 41 ms, 最高速率: 0.97 MiB/s, 平均速率: 0.95 MiB/s, 最高分辨率: 1920x1080, 平均帧率: 未知, 视频编解码器: 未知, 音频编解码器: 未知
分类: 🎬电影频道, 名称: 刑事侦缉, 有效: 1, IPv4: 1, IPv6: 0, 最小延迟: 523 ms, 最高速率: 0.51 MiB/s, 平均速率: 0.51 MiB/s, 最高分辨率: 1920x1080, 平均帧率: 未知, 视频编解码器: 未知, 音频编解码器: 未知
分类: 🎬电影频道, 名称: 神雕侠侣, 有效: 2, IPv4: 7, IPv6: 0, 最小延迟: 41 ms, 最高速率: 2.63 MiB/s, 平均速率: 1.84 MiB/s, 最高分辨率: 1280x720, 平均帧率: 24.0, 视频编解码器: h264, 音频编解码器: aac
分类: 🎬电影频道, 名称: 大唐双龙, 有效: 0, IPv4: 1, IPv6: 0, 最小延迟: 518 ms, 最高速率: 0.45 MiB/s, 平均速率: 0.00 MiB/s, 最高分辨率: 1920x1080, 平均帧率: 未知, 视频编解码器: 未知, 音频编解码器: 未知
分类: 🎬电影频道, 名称: 倚天屠龙, 有效: 0, IPv4: 1, IPv6: 0, 最小延迟: 457 ms, 最高速率: 0.00 MiB/s, 平均速率: 0.00 MiB/s, 最高分辨率: —, 平均帧率: 未知, 视频编解码器: 未知, 音频编解码器: 未知
分类: 🎬电影频道, 名称: 小李飞刀, 有效: 0, IPv4: 1, IPv6: 0, 最小延迟: — ms, 最高速率: 0.00 MiB/s, 平均速率: 0.00 MiB/s, 最高分辨率: —, 平均帧率: 未知, 视频编解码器: 未知, 音频编解码器: 未知
分类: 🎬电影频道, 名称: 绝代双娇, 有效: 0, IPv4: 1, IPv6: 0, 最小延迟: 62 ms, 最高速率: 3.40 MiB/s, 平均速率: 0.00 MiB/s, 最高分辨率: 640x480, 平均帧率: 25.0, 视频编解码器: h264, 音频编解码器: aac
分类: 🎬电影频道, 名称: 水月洞天, 有效: 1, IPv4: 2, IPv6: 0, 最小延迟: 686 ms, 最高速率: 0.67 MiB/s, 平均速率: 0.67 MiB/s, 最高分辨率: 1920x1080, 平均帧率: 未知, 视频编解码器: 未知, 音频编解码器: 未知
分类: 🎬电影频道, 名称: 鹿鼎记98, 有效: 0, IPv4: 1, IPv6: 0, 最小延迟: 1138 ms, 最高速率: 0.54 MiB/s, 平均速率: 0.00 MiB/s, 最高分辨率: 720x540, 平均帧率: 30.0, 视频编解码器: h264, 音频编解码器: aac
分类: 🎬电影频道, 名称: 延禧攻略, 有效: 3, IPv4: 5, IPv6: 0, 最小延迟: 40 ms, 最高速率: 1.80 MiB/s, 平均速率: 1.46 MiB/s, 最高分辨率: 1920x1080, 平均帧率: 25.0, 视频编解码器: h264, 音频编解码器: aac
分类: 🎬电影频道, 名称: 如懿传轮播, 有效: 0, IPv4: 1, IPv6: 0, 最小延迟: — ms, 最高速率: 0.00 MiB/s, 平均速率: 0.00 MiB/s, 最高分辨率: 1920x1080, 平均帧率: 未知, 视频编解码器: 未知, 音频编解码器: 未知
分类: 🎬电影频道, 名称: 风云雄霸, 有效: 0, IPv4: 1, IPv6: 0, 最小延迟: 1089 ms, 最高速率: 0.21 MiB/s, 平均速率: 0.00 MiB/s, 最高分辨率: 704x530, 平均帧率: 25.0, 视频编解码器: h264, 音频编解码器: aac
分类: 🎬电影频道, 名称: 芈月传轮播, 有效: 0, IPv4: 1, IPv6: 0, 最小延迟: 1227 ms, 最高速率: 0.15 MiB/s, 平均速率: 0.00 MiB/s, 最高分辨率: —, 平均帧率: 未知, 视频编解码器: 未知, 音频编解码器: 未知
分类: 🎬电影频道, 名称: 无心法师, 有效: 1, IPv4: 2, IPv6: 0, 最小延迟: 524 ms, 最高速率: 0.50 MiB/s, 平均速率: 0.50 MiB/s, 最高分辨率: 1280x720, 平均帧率: 未知, 视频编解码器: 未知, 音频编解码器: 未知
分类: 🎬电影频道, 名称: 梦华录轮播, 有效: 0, IPv4: 1, IPv6: 0, 最小延迟: 1622 ms, 最高速率: 0.07 MiB/s, 平均速率: 0.00 MiB/s, 最高分辨率: 1920x818, 平均帧率: 未知, 视频编解码器: 未知, 音频编解码器: 未知
分类: 🎬电影频道, 名称: 漫长季节, 有效: 0, IPv4: 1, IPv6: 0, 最小延迟: — ms, 最高速率: 0.00 MiB/s, 平均速率: 0.00 MiB/s, 最高分辨率: 1920x804, 平均帧率: 未知, 视频编解码器: 未知, 音频编解码器: 未知
分类: 🎬电影频道, 名称: 新楚留香, 有效: 0, IPv4: 2, IPv6: 0, 最小延迟: 40 ms, 最高速率: 3.92 MiB/s, 平均速率: 0.00 MiB/s, 最高分辨率: 1078x606, 平均帧率: 27.5, 视频编解码器: h264, 音频编解码器: aac
分类: 🎬电影频道, 名称: 王子青蛙, 有效: 0, IPv4: 1, IPv6: 0, 最小延迟: 664 ms, 最高速率: 0.36 MiB/s, 平均速率: 0.00 MiB/s, 最高分辨率: 512x384, 平均帧率: 25.0, 视频编解码器: h264, 音频编解码器: aac
分类: 🎬电影频道, 名称: 蜡笔小新, 有效: 1, IPv4: 3, IPv6: 0, 最小延迟: 477 ms, 最高速率: 0.64 MiB/s, 平均速率: 0.64 MiB/s, 最高分辨率: —, 平均帧率: 未知, 视频编解码器: 未知, 音频编解码器: 未知
分类: 🎬电影频道, 名称: 海绵宝宝, 有效: 0, IPv4: 2, IPv6: 0, 最小延迟: 844 ms, 最高速率: 0.12 MiB/s, 平均速率: 0.00 MiB/s, 最高分辨率: —, 平均帧率: 未知, 视频编解码器: 未知, 音频编解码器: 未知
分类: 🎬电影频道, 名称: JJ斗地主, 有效: 0, IPv4: 7, IPv6: 0, 最小延迟: 54 ms, 最高速率: 0.16 MiB/s, 平均速率: 0.00 MiB/s, 最高分辨率: —, 平均帧率: 未知, 视频编解码器: 未知, 音频编解码器: 未知
分类: 🎬电影频道, 名称: 征服轮播, 有效: 1, IPv4: 1, IPv6: 0, 最小延迟: 73 ms, 最高速率: 0.66 MiB/s, 平均速率: 0.66 MiB/s, 最高分辨率: 1280x720, 平均帧率: 未知, 视频编解码器: 未知, 音频编解码器: 未知
分类: 🎬电影频道, 名称: 龙珠轮播, 有效: 0, IPv4: 1, IPv6: 0, 最小延迟: — ms, 最高速率: 0.00 MiB/s, 平均速率: 0.00 MiB/s, 最高分辨率: 1280x720, 平均帧率: 未知, 视频编解码器: 未知, 音频编解码器: 未知
分类: 🎬电影频道, 名称: 民兵葛二, 有效: 0, IPv4: 1, IPv6: 0, 最小延迟: 42 ms, 最高速率: 0.29 MiB/s, 平均速率: 0.00 MiB/s, 最高分辨率: 852x480, 平均帧率: 60.0, 视频编解码器: h264, 音频编解码器: aac
分类: 🎬电影频道, 名称: 我的团长, 有效: 1, IPv4: 1, IPv6: 0, 最小延迟: 497 ms, 最高速率: 0.44 MiB/s, 平均速率: 0.44 MiB/s, 最高分辨率: 1280x720, 平均帧率: 未知, 视频编解码器: 未知, 音频编解码器: 未知
分类: 🎬电影频道, 名称: 康熙微服, 有效: 0, IPv4: 1, IPv6: 0, 最小延迟: 477 ms, 最高速率: 0.18 MiB/s, 平均速率: 0.00 MiB/s, 最高分辨率: —, 平均帧率: 未知, 视频编解码器: 未知, 音频编解码器: 未知
分类: 🎬电影频道, 名称: 三国演义, 有效: 1, IPv4: 2, IPv6: 0, 最小延迟: 43 ms, 最高速率: 2.90 MiB/s, 平均速率: 2.90 MiB/s, 最高分辨率: 1280x720, 平均帧率: 未知, 视频编解码器: 未知, 音频编解码器: 未知
分类: 🎬电影频道, 名称: 樱桃小丸, 有效: 0, IPv4: 1, IPv6: 0, 最小延迟: 586 ms, 最高速率: 0.47 MiB/s, 平均速率: 0.00 MiB/s, 最高分辨率: 576x432, 平均帧率: 25.0, 视频编解码器: h264, 音频编解码器: aac
分类: 🎬电影频道, 名称: 铁梨花轮播, 有效: 1, IPv4: 1, IPv6: 0, 最小延迟: 53 ms, 最高速率: 3.69 MiB/s, 平均速率: 3.69 MiB/s, 最高分辨率: 1280x720, 平均帧率: 未知, 视频编解码器: 未知, 音频编解码器: 未知
分类: 🎬电影频道, 名称: 铁道游击, 有效: 0, IPv4: 1, IPv6: 0, 最小延迟: 225 ms, 最高速率: 0.48 MiB/s, 平均速率: 0.00 MiB/s, 最高分辨率: 720x404, 平均帧率: 30.0, 视频编解码器: h264, 音频编解码器: aac
分类: 🎬电影频道, 名称: 家有儿女, 有效: 0, IPv4: 6, IPv6: 0, 最小延迟: 700 ms, 最高速率: 0.35 MiB/s, 平均速率: 0.00 MiB/s, 最高分辨率: —, 平均帧率: 未知, 视频编解码器: 未知, 音频编解码器: 未知
分类: 🎬电影频道, 名称: 御赐仵作, 有效: 1, IPv4: 1, IPv6: 0, 最小延迟: 47 ms, 最高速率: 0.70 MiB/s, 平均速率: 0.70 MiB/s, 最高分辨率: 1280x720, 平均帧率: 未知, 视频编解码器: 未知, 音频编解码器: 未知
分类: 🎬电影频道, 名称: 开端轮播, 有效: 1, IPv4: 1, IPv6: 0, 最小延迟: 40 ms, 最高速率: 0.80 MiB/s, 平均速率: 0.80 MiB/s, 最高分辨率: 1920x814, 平均帧率: 未知, 视频编解码器: 未知, 音频编解码器: 未知
分类: 🎬电影频道, 名称: 新三国演, 有效: 1, IPv4: 1, IPv6: 0, 最小延迟: 495 ms, 最高速率: 0.24 MiB/s, 平均速率: 0.24 MiB/s, 最高分辨率: 1280x720, 平均帧率: 未知, 视频编解码器: 未知, 音频编解码器: 未知
分类: 🎬电影频道, 名称: 全职高手, 有效: 0, IPv4: 4, IPv6: 0, 最小延迟: 660 ms, 最高速率: 3.35 MiB/s, 平均速率: 0.00 MiB/s, 最高分辨率: 1920x1080, 平均帧率: 25.0, 视频编解码器: h264, 音频编解码器: aac
分类: 🎬电影频道, 名称: 医馆笑传, 有效: 0, IPv4: 2, IPv6: 0, 最小延迟: 1551 ms, 最高速率: 0.12 MiB/s, 平均速率: 0.00 MiB/s, 最高分辨率: —, 平均帧率: 未知, 视频编解码器: 未知, 音频编解码器: 未知
分类: 🎬电影频道, 名称: 问心轮播, 有效: 0, IPv4: 1, IPv6: 0, 最小延迟: — ms, 最高速率: 0.00 MiB/s, 平均速率: 0.00 MiB/s, 最高分辨率: 1920x804, 平均帧率: 未知, 视频编解码器: 未知, 音频编解码器: 未知
分类: 🎬电影频道, 名称: 炊事班的, 有效: 0, IPv4: 1, IPv6: 0, 最小延迟: 343 ms, 最高速率: 0.29 MiB/s, 平均速率: 0.00 MiB/s, 最高分辨率: 352x288, 平均帧率: 25.0, 视频编解码器: h264, 音频编解码器: aac
分类: 🎬电影频道, 名称: 神医喜来, 有效: 0, IPv4: 1, IPv6: 0, 最小延迟: 428 ms, 最高速率: 0.48 MiB/s, 平均速率: 0.00 MiB/s, 最高分辨率: 1104x622, 平均帧率: 25.0, 视频编解码器: h264, 音频编解码器: aac
分类: 🎬电影频道, 名称: 杨光生活, 有效: 0, IPv4: 1, IPv6: 0, 最小延迟: 1780 ms, 最高速率: 0.03 MiB/s, 平均速率: 0.00 MiB/s, 最高分辨率: —, 平均帧率: 未知, 视频编解码器: 未知, 音频编解码器: 未知
分类: 🎬电影频道, 名称: 一代枭雄, 有效: 1, IPv4: 2, IPv6: 0, 最小延迟: 484 ms, 最高速率: 0.73 MiB/s, 平均速率: 0.73 MiB/s, 最高分辨率: 1280x720, 平均帧率: 未知, 视频编解码器: 未知, 音频编解码器: 未知
分类: 🎬电影频道, 名称: 鹊刀门传, 有效: 0, IPv4: 1, IPv6: 0, 最小延迟: 1702 ms, 最高速率: 0.06 MiB/s, 平均速率: 0.00 MiB/s, 最高分辨率: 1920x1080, 平均帧率: 未知, 视频编解码器: 未知, 音频编解码器: 未知
分类: 🎬电影频道, 名称: 星汉灿烂, 有效: 1, IPv4: 2, IPv6: 0, 最小延迟: 44 ms, 最高速率: 2.71 MiB/s, 平均速率: 2.71 MiB/s, 最高分辨率: 1920x816, 平均帧率: 未知, 视频编解码器: 未知, 音频编解码器: 未知
分类: 🎬电影频道, 名称: 大宋提刑, 有效: 0, IPv4: 1, IPv6: 0, 最小延迟: 1634 ms, 最高速率: 0.06 MiB/s, 平均速率: 0.00 MiB/s, 最高分辨率: 1280x720, 平均帧率: 未知, 视频编解码器: 未知, 音频编解码器: 未知
分类: 🎬电影频道, 名称: 长相思轮播, 有效: 1, IPv4: 1, IPv6: 0, 最小延迟: 458 ms, 最高速率: 1.05 MiB/s, 平均速率: 1.05 MiB/s, 最高分辨率: 1280x720, 平均帧率: 未知, 视频编解码器: 未知, 音频编解码器: 未知
分类: 🎬电影频道, 名称: 白鹿原轮播, 有效: 0, IPv4: 1, IPv6: 0, 最小延迟: — ms, 最高速率: 0.00 MiB/s, 平均速率: 0.00 MiB/s, 最高分辨率: 1280x720, 平均帧率: 未知, 视频编解码器: 未知, 音频编解码器: 未知
分类: 🎬电影频道, 名称: 你是我的, 有效: 0, IPv4: 1, IPv6: 0, 最小延迟: 41 ms, 最高速率: 0.49 MiB/s, 平均速率: 0.00 MiB/s, 最高分辨率: 1920x818, 平均帧率: 未知, 视频编解码器: 未知, 音频编解码器: 未知
分类: 🎬电影频道, 名称: 父母爱情, 有效: 2, IPv4: 6, IPv6: 0, 最小延迟: 42 ms, 最高速率: 0.34 MiB/s, 平均速率: 0.27 MiB/s, 最高分辨率: 1280x720, 平均帧率: 60.0, 视频编解码器: h264, 音频编解码器: aac
分类: 🎬电影频道, 名称: 雪中悍刀, 有效: 0, IPv4: 1, IPv6: 0, 最小延迟: 752 ms, 最高速率: 0.34 MiB/s, 平均速率: 0.00 MiB/s, 最高分辨率: 1920x1080, 平均帧率: 未知, 视频编解码器: 未知, 音频编解码器: 未知
分类: 🎬电影频道, 名称: 将夜轮播, 有效: 0, IPv4: 1, IPv6: 0, 最小延迟: 650 ms, 最高速率: 0.37 MiB/s, 平均速率: 0.00 MiB/s, 最高分辨率: 1920x1080, 平均帧率: 未知, 视频编解码器: 未知, 音频编解码器: 未知
分类: 🎬电影频道, 名称: 雍正王朝, 有效: 0, IPv4: 5, IPv6: 0, 最小延迟: 546 ms, 最高速率: 0.23 MiB/s, 平均速率: 0.00 MiB/s, 最高分辨率: 800x600, 平均帧率: 24.0, 视频编解码器: h264, 音频编解码器: aac
分类: 🎬电影频道, 名称: 地下交通, 有效: 1, IPv4: 1, IPv6: 0, 最小延迟: 401 ms, 最高速率: 0.26 MiB/s, 平均速率: 0.26 MiB/s, 最高分辨率: 1280x720, 平均帧率: 未知, 视频编解码器: 未知, 音频编解码器: 未知
分类: 🎬电影频道, 名称: 大染坊轮播, 有效: 1, IPv4: 1, IPv6: 0, 最小延迟: 1681 ms, 最高速率: 2.10 MiB/s, 平均速率: 2.10 MiB/s, 最高分辨率: 1920x1080, 平均帧率: 未知, 视频编解码器: 未知, 音频编解码器: 未知
分类: 🎬电影频道, 名称: 邻里一家, 有效: 0, IPv4: 1, IPv6: 0, 最小延迟: 1344 ms, 最高速率: 0.05 MiB/s, 平均速率: 0.00 MiB/s, 最高分辨率: 1920x1080, 平均帧率: 未知, 视频编解码器: 未知, 音频编解码器: 未知
分类: 🎬电影频道, 名称: 电视剧三, 有效: 1, IPv4: 1, IPv6: 0, 最小延迟: 1747 ms, 最高速率: 1.03 MiB/s, 平均速率: 1.03 MiB/s, 最高分辨率: 1280x720, 平均帧率: 未知, 视频编解码器: 未知, 音频编解码器: 未知
分类: 🎬电影频道, 名称: 电视剧四, 有效: 1, IPv4: 1, IPv6: 0, 最小延迟: 1379 ms, 最高速率: 0.60 MiB/s, 平均速率: 0.60 MiB/s, 最高分辨率: 1920x1080, 平均帧率: 未知, 视频编解码器: 未知, 音频编解码器: 未知
分类: 🎬电影频道, 名称: 电视剧十一道, 有效: 1, IPv4: 1, IPv6: 0, 最小延迟: 496 ms, 最高速率: 0.81 MiB/s, 平均速率: 0.81 MiB/s, 最高分辨率: 1920x1072, 平均帧率: 未知, 视频编解码器: 未知, 音频编解码器: 未知
分类: 🎬电影频道, 名称: 吴京, 有效: 0, IPv4: 1, IPv6: 0, 最小延迟: — ms, 最高速率: 0.00 MiB/s, 平均速率: 0.00 MiB/s, 最高分辨率: —, 平均帧率: 未知, 视频编解码器: 未知, 音频编解码器: 未知
分类: 🎬电影频道, 名称: 电视剧七, 有效: 0, IPv4: 1, IPv6: 0, 最小延迟: 887 ms, 最高速率: 0.45 MiB/s, 平均速率: 0.00 MiB/s, 最高分辨率: 1920x1080, 平均帧率: 未知, 视频编解码器: 未知, 音频编解码器: 未知
分类: 🎬电影频道, 名称: 探案剧专区, 有效: 0, IPv4: 1, IPv6: 0, 最小延迟: 517 ms, 最高速率: 0.56 MiB/s, 平均速率: 0.00 MiB/s, 最高分辨率: 720x398, 平均帧率: 25.0, 视频编解码器: h264, 音频编解码器: aac
分类: 🎬电影频道, 名称: 电视剧八, 有效: 0, IPv4: 1, IPv6: 0, 最小延迟: 702 ms, 最高速率: 0.44 MiB/s, 平均速率: 0.00 MiB/s, 最高分辨率: 960x544, 平均帧率: 30.0, 视频编解码器: h264, 音频编解码器: aac
分类: 🎬电影频道, 名称: 经典剧专区, 有效: 1, IPv4: 1, IPv6: 0, 最小延迟: 984 ms, 最高速率: 0.59 MiB/s, 平均速率: 0.59 MiB/s, 最高分辨率: 1280x720, 平均帧率: 未知, 视频编解码器: 未知, 音频编解码器: 未知
分类: 🎬电影频道, 名称: 僵尸剧专区, 有效: 0, IPv4: 2, IPv6: 0, 最小延迟: 663 ms, 最高速率: 0.35 MiB/s, 平均速率: 0.00 MiB/s, 最高分辨率: 720x544, 平均帧率: 25.0, 视频编解码器: h264, 音频编解码器: aac
分类: 🎬电影频道, 名称: 都市剧专区, 有效: 0, IPv4: 1, IPv6: 0, 最小延迟: 21 ms, 最高速率: 0.46 MiB/s, 平均速率: 0.00 MiB/s, 最高分辨率: 1920x1080, 平均帧率: 未知, 视频编解码器: 未知, 音频编解码器: 未知
分类: 🎬电影频道, 名称: 家庭剧专区, 有效: 0, IPv4: 1, IPv6: 0, 最小延迟: 38 ms, 最高速率: 0.28 MiB/s, 平均速率: 0.00 MiB/s, 最高分辨率: 576x432, 平均帧率: 60.0, 视频编解码器: h264, 音频编解码器: aac
分类: 🎬电影频道, 名称: 美国剧专区, 有效: 0, IPv4: 1, IPv6: 0, 最小延迟: 799 ms, 最高速率: 0.00 MiB/s, 平均速率: 0.00 MiB/s, 最高分辨率: —, 平均帧率: 未知, 视频编解码器: 未知, 音频编解码器: 未知
分类: 🎬电影频道, 名称: 韩国剧专区, 有效: 1, IPv4: 1, IPv6: 0, 最小延迟: 42 ms, 最高速率: 4.39 MiB/s, 平均速率: 4.39 MiB/s, 最高分辨率: 1920x1080, 平均帧率: 未知, 视频编解码器: 未知, 音频编解码器: 未知
分类: 🎬电影频道, 名称: 校园剧专区, 有效: 0, IPv4: 2, IPv6: 0, 最小延迟: 86 ms, 最高速率: 0.53 MiB/s, 平均速率: 0.00 MiB/s, 最高分辨率: 1024x576, 平均帧率: 30.0, 视频编解码器: h264, 音频编解码器: aac
分类: 🎬电影频道, 名称: 怀旧剧专区, 有效: 0, IPv4: 1, IPv6: 0, 最小延迟: 625 ms, 最高速率: 0.46 MiB/s, 平均速率: 0.00 MiB/s, 最高分辨率: 640x480, 平均帧率: 30.0, 视频编解码器: h264, 音频编解码器: aac
分类: 🎬电影频道, 名称: 刑侦剧专区, 有效: 0, IPv4: 1, IPv6: 0, 最小延迟: 435 ms, 最高速率: 0.46 MiB/s, 平均速率: 0.00 MiB/s, 最高分辨率: 512x384, 平均帧率: 25.0, 视频编解码器: h264, 音频编解码器: aac
分类: 🎬电影频道, 名称: 台湾剧专区, 有效: 0, IPv4: 1, IPv6: 0, 最小延迟: 1466 ms, 最高速率: 0.06 MiB/s, 平均速率: 0.00 MiB/s, 最高分辨率: —, 平均帧率: 未知, 视频编解码器: 未知, 音频编解码器: 未知
分类: 🎬电影频道, 名称: 乡村剧专区, 有效: 1, IPv4: 2, IPv6: 0, 最小延迟: 513 ms, 最高速率: 0.84 MiB/s, 平均速率: 0.84 MiB/s, 最高分辨率: 1080x606, 平均帧率: 25.0, 视频编解码器: h264, 音频编解码器: aac
分类: 🎬电影频道, 名称: 偶像剧专区, 有效: 0, IPv4: 1, IPv6: 0, 最小延迟: 1238 ms, 最高速率: 0.03 MiB/s, 平均速率: 0.00 MiB/s, 最高分辨率: —, 平均帧率: 未知, 视频编解码器: 未知, 音频编解码器: 未知
分类: 🎬电影频道, 名称: 古装剧专区, 有效: 1, IPv4: 1, IPv6: 0, 最小延迟: 47 ms, 最高速率: 5.85 MiB/s, 平均速率: 5.85 MiB/s, 最高分辨率: 1920x1080, 平均帧率: 未知, 视频编解码器: 未知, 音频编解码器: 未知
分类: 🎬电影频道, 名称: 英国剧专区, 有效: 0, IPv4: 1, IPv6: 0, 最小延迟: 276 ms, 最高速率: 0.57 MiB/s, 平均速率: 0.00 MiB/s, 最高分辨率: 1024x544, 平均帧率: 30.0, 视频编解码器: h264, 音频编解码器: aac
分类: 🎬电影频道, 名称: 谍战剧专区, 有效: 1, IPv4: 1, IPv6: 0, 最小延迟: 752 ms, 最高速率: 0.47 MiB/s, 平均速率: 0.47 MiB/s, 最高分辨率: 1280x720, 平均帧率: 未知, 视频编解码器: 未知, 音频编解码器: 未知
分类: 🎬电影频道, 名称: 淘剧场, 有效: 0, IPv4: 6, IPv6: 0, 最小延迟: 528 ms, 最高速率: 0.20 MiB/s, 平均速率: 0.00 MiB/s, 最高分辨率: —, 平均帧率: 未知, 视频编解码器: 未知, 音频编解码器: 未知
分类: 🎬电影频道, 名称: 武侠剧专区, 有效: 0, IPv4: 2, IPv6: 0, 最小延迟: 41 ms, 最高速率: 0.48 MiB/s, 平均速率: 0.00 MiB/s, 最高分辨率: 900x500, 平均帧率: 25.0, 视频编解码器: h264, 音频编解码器: aac
分类: 🎬电影频道, 名称: 爱情剧专区, 有效: 0, IPv4: 1, IPv6: 0, 最小延迟: 531 ms, 最高速率: 0.36 MiB/s, 平均速率: 0.00 MiB/s, 最高分辨率: 1920x1080, 平均帧率: 未知, 视频编解码器: 未知, 音频编解码器: 未知
分类: 🎬电影频道, 名称: 淘娱乐, 有效: 0, IPv4: 6, IPv6: 0, 最小延迟: 520 ms, 最高速率: 0.23 MiB/s, 平均速率: 0.00 MiB/s, 最高分辨率: —, 平均帧率: 25.0, 视频编解码器: h264, 音频编解码器: aac
分类: 🎬电影频道, 名称: 搞笑剧专区, 有效: 0, IPv4: 1, IPv6: 0, 最小延迟: 524 ms, 最高速率: 0.38 MiB/s, 平均速率: 0.00 MiB/s, 最高分辨率: 640x480, 平均帧率: 25.0, 视频编解码器: h264, 音频编解码器: aac
分类: 🎬电影频道, 名称: 穿越剧专区, 有效: 1, IPv4: 1, IPv6: 0, 最小延迟: 42 ms, 最高速率: 0.87 MiB/s, 平均速率: 0.87 MiB/s, 最高分辨率: 1920x1080, 平均帧率: 未知, 视频编解码器: 未知, 音频编解码器: 未知
分类: 🎬电影频道, 名称: 年代剧专区, 有效: 1, IPv4: 1, IPv6: 0, 最小延迟: 40 ms, 最高速率: 1.77 MiB/s, 平均速率: 1.77 MiB/s, 最高分辨率: 1280x720, 平均帧率: 未知, 视频编解码器: 未知, 音频编解码器: 未知
分类: 🎬电影频道, 名称: 淘电影, 有效: 0, IPv4: 4, IPv6: 0, 最小延迟: 541 ms, 最高速率: 0.22 MiB/s, 平均速率: 0.00 MiB/s, 最高分辨率: —, 平均帧率: 25.0, 视频编解码器: h264, 音频编解码器: aac
分类: 🎬电影频道, 名称: NewTV惊悚悬疑, 有效: 2, IPv4: 8, IPv6: 0, 最小延迟: 60 ms, 最高速率: 45.90 MiB/s, 平均速率: 42.85 MiB/s, 最高分辨率: 1920x1080, 平均帧率: 未知, 视频编解码器: 未知, 音频编解码器: 未知
分类: 🎬电影频道, 名称: 黑莓电影, 有效: 2, IPv4: 4, IPv6: 0, 最小延迟: 51 ms, 最高速率: 58.84 MiB/s, 平均速率: 55.29 MiB/s, 最高分辨率: 1920x1080, 平均帧率: 未知, 视频编解码器: 未知, 音频编解码器: 未知
分类: 🎬电影频道, 名称: 纬来电影, 有效: 0, IPv4: 19, IPv6: 0, 最小延迟: 51 ms, 最高速率: 0.10 MiB/s, 平均速率: 0.00 MiB/s, 最高分辨率: —, 平均帧率: 未知, 视频编解码器: 未知, 音频编解码器: 未知
分类: 🎬电影频道, 名称: 靖天映画, 有效: 1, IPv4: 13, IPv6: 0, 最小延迟: 49 ms, 最高速率: 0.65 MiB/s, 平均速率: 0.65 MiB/s, 最高分辨率: 1280x720, 平均帧率: 25.0, 视频编解码器: h264, 音频编解码器: aac
分类: 🎬电影频道, 名称: 靖天戏剧, 有效: 0, IPv4: 11, IPv6: 0, 最小延迟: — ms, 最高速率: 0.00 MiB/s, 平均速率: 0.00 MiB/s, 最高分辨率: —, 平均帧率: 未知, 视频编解码器: 未知, 音频编解码器: 未知
分类: 🎬电影频道, 名称: 艾尔达娱乐, 有效: 0, IPv4: 1, IPv6: 0, 最小延迟: — ms, 最高速率: 0.00 MiB/s, 平均速率: 0.00 MiB/s, 最高分辨率: —, 平均帧率: 未知, 视频编解码器: 未知, 音频编解码器: 未知
分类: 🎬电影频道, 名称: 经典电影, 有效: 0, IPv4: 9, IPv6: 0, 最小延迟: 18 ms, 最高速率: 0.30 MiB/s, 平均速率: 0.00 MiB/s, 最高分辨率: —, 平均帧率: 未知, 视频编解码器: 未知, 音频编解码器: 未知
分类: 🎬电影频道, 名称: IPTV经典电影, 有效: 0, IPv4: 5, IPv6: 0, 最小延迟: 483 ms, 最高速率: 0.21 MiB/s, 平均速率: 0.00 MiB/s, 最高分辨率: 1920x1080, 平均帧率: 25.0, 视频编解码器: h264, 音频编解码器: mp2
分类: 🎬电影频道, 名称: 天映经典, 有效: 3, IPv4: 14, IPv6: 0, 最小延迟: 47 ms, 最高速率: 9.19 MiB/s, 平均速率: 4.83 MiB/s, 最高分辨率: 1920x1080, 平均帧率: 26.67, 视频编解码器: h264, 音频编解码器: aac
分类: 🎬电影频道, 名称: 无线星河, 有效: 0, IPv4: 1, IPv6: 0, 最小延迟: — ms, 最高速率: 0.00 MiB/s, 平均速率: 0.00 MiB/s, 最高分辨率: —, 平均帧率: 未知, 视频编解码器: 未知, 音频编解码器: 未知
分类: 🎬电影频道, 名称: 星空卫视, 有效: 0, IPv4: 9, IPv6: 0, 最小延迟: 541 ms, 最高速率: 0.00 MiB/s, 平均速率: 0.00 MiB/s, 最高分辨率: —, 平均帧率: 未知, 视频编解码器: 未知, 音频编解码器: 未知
分类: 🎬电影频道, 名称: 私人影院, 有效: 0, IPv4: 1, IPv6: 0, 最小延迟: — ms, 最高速率: 0.00 MiB/s, 平均速率: 0.00 MiB/s, 最高分辨率: —, 平均帧率: 未知, 视频编解码器: 未知, 音频编解码器: 未知
分类: 🎬电影频道, 名称: 龙祥电影, 有效: 2, IPv4: 7, IPv6: 0, 最小延迟: 287 ms, 最高速率: 2.10 MiB/s, 平均速率: 1.36 MiB/s, 最高分辨率: 1280x720, 平均帧率: 29.97, 视频编解码器: h264, 音频编解码器: aac
分类: 🎬电影频道, 名称: 东森洋片, 有效: 2, IPv4: 18, IPv6: 0, 最小延迟: 51 ms, 最高速率: 3.25 MiB/s, 平均速率: 1.91 MiB/s, 最高分辨率: 1920x1080, 平均帧率: 34.99, 视频编解码器: h264, 音频编解码器: aac
分类: 🏍咪咕体育, 名称: 睛彩篮球, 有效: 2, IPv4: 17, IPv6: 0, 最小延迟: 54 ms, 最高速率: 57.24 MiB/s, 平均速率: 42.54 MiB/s, 最高分辨率: 1920x1080, 平均帧率: 30.0, 视频编解码器: h264, 音频编解码器: mp2
分类: 🏍咪咕体育, 名称: 24小时体育, 有效: 0, IPv4: 4, IPv6: 0, 最小延迟: — ms, 最高速率: 0.00 MiB/s, 平均速率: 0.00 MiB/s, 最高分辨率: —, 平均帧率: 未知, 视频编解码器: 未知, 音频编解码器: 未知
分类: 🏍咪咕体育, 名称: 睛彩广场舞, 有效: 0, IPv4: 16, IPv6: 0, 最小延迟: 392 ms, 最高速率: 0.23 MiB/s, 平均速率: 0.00 MiB/s, 最高分辨率: 1920x1080, 平均帧率: 25.0, 视频编解码器: h264, 音频编解码器: mp2
分类: 🏍咪咕体育, 名称: 睛彩青少, 有效: 1, IPv4: 10, IPv6: 0, 最小延迟: 60 ms, 最高速率: 51.65 MiB/s, 平均速率: 51.65 MiB/s, 最高分辨率: 1920x1080, 平均帧率: 37.5, 视频编解码器: h264, 音频编解码器: mp2
分类: 🏍咪咕体育, 名称: 睛彩竞技, 有效: 0, IPv4: 12, IPv6: 0, 最小延迟: 506 ms, 最高速率: 0.23 MiB/s, 平均速率: 0.00 MiB/s, 最高分辨率: 1920x1080, 平均帧率: 25.0, 视频编解码器: h264, 音频编解码器: mp2
分类: 🏍咪咕体育, 名称: 五星体育, 有效: 3, IPv4: 8, IPv6: 0, 最小延迟: 45 ms, 最高速率: 64.03 MiB/s, 平均速率: 26.59 MiB/s, 最高分辨率: 1920x1080, 平均帧率: 25.0, 视频编解码器: h264, 音频编解码器: aac
分类: 🏍咪咕体育, 名称: 广东珠江, 有效: 6, IPv4: 7, IPv6: 0, 最小延迟: 31 ms, 最高速率: 19.04 MiB/s, 平均速率: 9.59 MiB/s, 最高分辨率: 1080x1920, 平均帧率: 未知, 视频编解码器: 未知, 音频编解码器: 未知
分类: 🏍咪咕体育, 名称: 广东体育, 有效: 1, IPv4: 28, IPv6: 0, 最小延迟: 49 ms, 最高速率: 2.03 MiB/s, 平均速率: 2.03 MiB/s, 最高分辨率: 1920x1080, 平均帧率: 25.0, 视频编解码器: h264, 音频编解码器: mp2
分类: 🏍咪咕体育, 名称: 山东体育, 有效: 2, IPv4: 6, IPv6: 0, 最小延迟: 3 ms, 最高速率: 19.39 MiB/s, 平均速率: 16.33 MiB/s, 最高分辨率: —, 平均帧率: 未知, 视频编解码器: 未知, 音频编解码器: aac
分类: 🏍咪咕体育, 名称: 武术世界, 有效: 1, IPv4: 33, IPv6: 0, 最小延迟: 418 ms, 最高速率: 0.50 MiB/s, 平均速率: 0.50 MiB/s, 最高分辨率: 1920x1080, 平均帧率: 25.0, 视频编解码器: h264, 音频编解码器: mp2
分类: 🏍咪咕体育, 名称: 快乐垂钓, 有效: 4, IPv4: 56, IPv6: 0, 最小延迟: 48 ms, 最高速率: 59.58 MiB/s, 平均速率: 39.09 MiB/s, 最高分辨率: 1920x1080, 平均帧率: 25.0, 视频编解码器: h264, 音频编解码器: mp2
分类: 🏍咪咕体育, 名称: SPOTV, 有效: 1, IPv4: 2, IPv6: 0, 最小延迟: 694 ms, 最高速率: 2.38 MiB/s, 平均速率: 2.38 MiB/s, 最高分辨率: 1920x1080, 平均帧率: 未知, 视频编解码器: 未知, 音频编解码器: 未知
分类: 🏍咪咕体育, 名称: SPOTV2, 有效: 1, IPv4: 2, IPv6: 0, 最小延迟: 797 ms, 最高速率: 0.80 MiB/s, 平均速率: 0.80 MiB/s, 最高分辨率: 1920x1080, 平均帧率: 未知, 视频编解码器: 未知, 音频编解码器: 未知
分类: 🏍咪咕体育, 名称: 智林体育, 有效: 0, IPv4: 6, IPv6: 0, 最小延迟: — ms, 最高速率: 0.00 MiB/s, 平均速率: 0.00 MiB/s, 最高分辨率: —, 平均帧率: 未知, 视频编解码器: 未知, 音频编解码器: 未知
分类: 🏍咪咕体育, 名称: astroFootball, 有效: 0, IPv4: 1, IPv6: 0, 最小延迟: — ms, 最高速率: 0.00 MiB/s, 平均速率: 0.00 MiB/s, 最高分辨率: —, 平均帧率: 未知, 视频编解码器: 未知, 音频编解码器: 未知
分类: 🏍咪咕体育, 名称: TntSports1, 有效: 0, IPv4: 1, IPv6: 0, 最小延迟: — ms, 最高速率: 0.00 MiB/s, 平均速率: 0.00 MiB/s, 最高分辨率: —, 平均帧率: 未知, 视频编解码器: 未知, 音频编解码器: 未知
分类: 🏍咪咕体育, 名称: JSPORTS1, 有效: 0, IPv4: 1, IPv6: 0, 最小延迟: — ms, 最高速率: 0.00 MiB/s, 平均速率: 0.00 MiB/s, 最高分辨率: —, 平均帧率: 未知, 视频编解码器: 未知, 音频编解码器: 未知
分类: 🏍咪咕体育, 名称: 咪咕直播1, 有效: 0, IPv4: 1, IPv6: 0, 最小延迟: — ms, 最高速率: 0.00 MiB/s, 平均速率: 0.00 MiB/s, 最高分辨率: —, 平均帧率: 未知, 视频编解码器: 未知, 音频编解码器: 未知
分类: 🏍咪咕体育, 名称: 咪咕直播2, 有效: 0, IPv4: 1, IPv6: 0, 最小延迟: — ms, 最高速率: 0.00 MiB/s, 平均速率: 0.00 MiB/s, 最高分辨率: —, 平均帧率: 未知, 视频编解码器: 未知, 音频编解码器: 未知
分类: 🏍咪咕体育, 名称: 咪咕直播3, 有效: 0, IPv4: 1, IPv6: 0, 最小延迟: — ms, 最高速率: 0.00 MiB/s, 平均速率: 0.00 MiB/s, 最高分辨率: —, 平均帧率: 未知, 视频编解码器: 未知, 音频编解码器: 未知
分类: 🏍咪咕体育, 名称: 咪咕直播4, 有效: 0, IPv4: 1, IPv6: 0, 最小延迟: — ms, 最高速率: 0.00 MiB/s, 平均速率: 0.00 MiB/s, 最高分辨率: —, 平均帧率: 未知, 视频编解码器: 未知, 音频编解码器: 未知
分类: 🏍咪咕体育, 名称: 咪咕直播5, 有效: 0, IPv4: 1, IPv6: 0, 最小延迟: — ms, 最高速率: 0.00 MiB/s, 平均速率: 0.00 MiB/s, 最高分辨率: —, 平均帧率: 未知, 视频编解码器: 未知, 音频编解码器: 未知
分类: 🏍咪咕体育, 名称: 咪咕直播6, 有效: 0, IPv4: 1, IPv6: 0, 最小延迟: — ms, 最高速率: 0.00 MiB/s, 平均速率: 0.00 MiB/s, 最高分辨率: —, 平均帧率: 未知, 视频编解码器: 未知, 音频编解码器: 未知
分类: 🏍咪咕体育, 名称: 咪咕直播7, 有效: 0, IPv4: 1, IPv6: 0, 最小延迟: — ms, 最高速率: 0.00 MiB/s, 平均速率: 0.00 MiB/s, 最高分辨率: —, 平均帧率: 未知, 视频编解码器: 未知, 音频编解码器: 未知
分类: 🏍咪咕体育, 名称: 咪咕直播8, 有效: 0, IPv4: 1, IPv6: 0, 最小延迟: — ms, 最高速率: 0.00 MiB/s, 平均速率: 0.00 MiB/s, 最高分辨率: —, 平均帧率: 未知, 视频编解码器: 未知, 音频编解码器: 未知
分类: 🏍咪咕体育, 名称: 咪咕直播9, 有效: 0, IPv4: 1, IPv6: 0, 最小延迟: — ms, 最高速率: 0.00 MiB/s, 平均速率: 0.00 MiB/s, 最高分辨率: —, 平均帧率: 未知, 视频编解码器: 未知, 音频编解码器: 未知
分类: 🏍咪咕体育, 名称: 咪咕直播10, 有效: 0, IPv4: 1, IPv6: 0, 最小延迟: — ms, 最高速率: 0.00 MiB/s, 平均速率: 0.00 MiB/s, 最高分辨率: —, 平均帧率: 未知, 视频编解码器: 未知, 音频编解码器: 未知
分类: 🏍咪咕体育, 名称: 咪咕直播11, 有效: 0, IPv4: 1, IPv6: 0, 最小延迟: — ms, 最高速率: 0.00 MiB/s, 平均速率: 0.00 MiB/s, 最高分辨率: —, 平均帧率: 未知, 视频编解码器: 未知, 音频编解码器: 未知
分类: 🏍咪咕体育, 名称: 咪咕直播12, 有效: 0, IPv4: 1, IPv6: 0, 最小延迟: — ms, 最高速率: 0.00 MiB/s, 平均速率: 0.00 MiB/s, 最高分辨率: —, 平均帧率: 未知, 视频编解码器: 未知, 音频编解码器: 未知
分类: 🏍咪咕体育, 名称: 咪咕直播13, 有效: 0, IPv4: 1, IPv6: 0, 最小延迟: — ms, 最高速率: 0.00 MiB/s, 平均速率: 0.00 MiB/s, 最高分辨率: —, 平均帧率: 未知, 视频编解码器: 未知, 音频编解码器: 未知
分类: 🏍咪咕体育, 名称: 咪咕直播14, 有效: 0, IPv4: 1, IPv6: 0, 最小延迟: — ms, 最高速率: 0.00 MiB/s, 平均速率: 0.00 MiB/s, 最高分辨率: —, 平均帧率: 未知, 视频编解码器: 未知, 音频编解码器: 未知
分类: 🏍咪咕体育, 名称: 咪咕直播15, 有效: 0, IPv4: 1, IPv6: 0, 最小延迟: — ms, 最高速率: 0.00 MiB/s, 平均速率: 0.00 MiB/s, 最高分辨率: —, 平均帧率: 未知, 视频编解码器: 未知, 音频编解码器: 未知
分类: 🏍咪咕体育, 名称: 咪咕直播16, 有效: 0, IPv4: 1, IPv6: 0, 最小延迟: — ms, 最高速率: 0.00 MiB/s, 平均速率: 0.00 MiB/s, 最高分辨率: —, 平均帧率: 未知, 视频编解码器: 未知, 音频编解码器: 未知
分类: 🏍咪咕体育, 名称: 咪咕直播17, 有效: 0, IPv4: 1, IPv6: 0, 最小延迟: — ms, 最高速率: 0.00 MiB/s, 平均速率: 0.00 MiB/s, 最高分辨率: —, 平均帧率: 未知, 视频编解码器: 未知, 音频编解码器: 未知
分类: 🏍咪咕体育, 名称: 咪咕直播18, 有效: 0, IPv4: 1, IPv6: 0, 最小延迟: — ms, 最高速率: 0.00 MiB/s, 平均速率: 0.00 MiB/s, 最高分辨率: —, 平均帧率: 未知, 视频编解码器: 未知, 音频编解码器: 未知
分类: 🏍咪咕体育, 名称: 咪咕直播19, 有效: 0, IPv4: 1, IPv6: 0, 最小延迟: — ms, 最高速率: 0.00 MiB/s, 平均速率: 0.00 MiB/s, 最高分辨率: —, 平均帧率: 未知, 视频编解码器: 未知, 音频编解码器: 未知
分类: 🏍咪咕体育, 名称: 咪咕直播20, 有效: 0, IPv4: 1, IPv6: 0, 最小延迟: — ms, 最高速率: 0.00 MiB/s, 平均速率: 0.00 MiB/s, 最高分辨率: —, 平均帧率: 未知, 视频编解码器: 未知, 音频编解码器: 未知
分类: 🏍咪咕体育, 名称: 咪咕直播21, 有效: 0, IPv4: 1, IPv6: 0, 最小延迟: — ms, 最高速率: 0.00 MiB/s, 平均速率: 0.00 MiB/s, 最高分辨率: —, 平均帧率: 未知, 视频编解码器: 未知, 音频编解码器: 未知
分类: 🏍咪咕体育, 名称: 咪咕直播22, 有效: 0, IPv4: 1, IPv6: 0, 最小延迟: — ms, 最高速率: 0.00 MiB/s, 平均速率: 0.00 MiB/s, 最高分辨率: —, 平均帧率: 未知, 视频编解码器: 未知, 音频编解码器: 未知
分类: 🏍咪咕体育, 名称: 咪咕直播23, 有效: 0, IPv4: 1, IPv6: 0, 最小延迟: — ms, 最高速率: 0.00 MiB/s, 平均速率: 0.00 MiB/s, 最高分辨率: —, 平均帧率: 未知, 视频编解码器: 未知, 音频编解码器: 未知
分类: 🏍咪咕体育, 名称: 咪咕直播24, 有效: 0, IPv4: 1, IPv6: 0, 最小延迟: — ms, 最高速率: 0.00 MiB/s, 平均速率: 0.00 MiB/s, 最高分辨率: —, 平均帧率: 未知, 视频编解码器: 未知, 音频编解码器: 未知
分类: 🏍咪咕体育, 名称: 咪咕直播25, 有效: 0, IPv4: 1, IPv6: 0, 最小延迟: — ms, 最高速率: 0.00 MiB/s, 平均速率: 0.00 MiB/s, 最高分辨率: —, 平均帧率: 未知, 视频编解码器: 未知, 音频编解码器: 未知
分类: 🏍咪咕体育, 名称: 咪咕直播26, 有效: 0, IPv4: 1, IPv6: 0, 最小延迟: — ms, 最高速率: 0.00 MiB/s, 平均速率: 0.00 MiB/s, 最高分辨率: —, 平均帧率: 未知, 视频编解码器: 未知, 音频编解码器: 未知
分类: 🏍咪咕体育, 名称: 咪咕直播27, 有效: 0, IPv4: 1, IPv6: 0, 最小延迟: — ms, 最高速率: 0.00 MiB/s, 平均速率: 0.00 MiB/s, 最高分辨率: —, 平均帧率: 未知, 视频编解码器: 未知, 音频编解码器: 未知
分类: 🏍咪咕体育, 名称: 咪咕直播28, 有效: 0, IPv4: 1, IPv6: 0, 最小延迟: — ms, 最高速率: 0.00 MiB/s, 平均速率: 0.00 MiB/s, 最高分辨率: —, 平均帧率: 未知, 视频编解码器: 未知, 音频编解码器: 未知
分类: 🏍咪咕体育, 名称: 咪咕直播29, 有效: 0, IPv4: 1, IPv6: 0, 最小延迟: — ms, 最高速率: 0.00 MiB/s, 平均速率: 0.00 MiB/s, 最高分辨率: —, 平均帧率: 未知, 视频编解码器: 未知, 音频编解码器: 未知
分类: 🏍咪咕体育, 名称: 咪咕直播30, 有效: 0, IPv4: 1, IPv6: 0, 最小延迟: — ms, 最高速率: 0.00 MiB/s, 平均速率: 0.00 MiB/s, 最高分辨率: —, 平均帧率: 未知, 视频编解码器: 未知, 音频编解码器: 未知
分类: 🏀体育频道, 名称: 体育赛事, 有效: 0, IPv4: 7, IPv6: 0, 最小延迟: 520 ms, 最高速率: 0.00 MiB/s, 平均速率: 0.00 MiB/s, 最高分辨率: —, 平均帧率: 未知, 视频编解码器: 未知, 音频编解码器: 未知
分类: 🏀体育频道, 名称: 劲爆体育, 有效: 0, IPv4: 3, IPv6: 0, 最小延迟: 393 ms, 最高速率: 0.07 MiB/s, 平均速率: 0.00 MiB/s, 最高分辨率: —, 平均帧率: 未知, 视频编解码器: 未知, 音频编解码器: 未知
分类: 🏀体育频道, 名称: 精品体育, 有效: 2, IPv4: 2, IPv6: 0, 最小延迟: 51 ms, 最高速率: 55.08 MiB/s, 平均速率: 50.95 MiB/s, 最高分辨率: 1920x1080, 平均帧率: 未知, 视频编解码器: 未知, 音频编解码器: 未知
分类: 🏀体育频道, 名称: 超级体育, 有效: 0, IPv4: 2, IPv6: 0, 最小延迟: — ms, 最高速率: 0.00 MiB/s, 平均速率: 0.00 MiB/s, 最高分辨率: —, 平均帧率: 未知, 视频编解码器: 未知, 音频编解码器: 未知
分类: 🏀体育频道, 名称: 福建体育, 有效: 7, IPv4: 12, IPv6: 0, 最小延迟: 42 ms, 最高速率: 67.50 MiB/s, 平均速率: 33.50 MiB/s, 最高分辨率: 1920x1080, 平均帧率: 未知, 视频编解码器: 未知, 音频编解码器: 未知
分类: 🏀体育频道, 名称: 爱体育, 有效: 0, IPv4: 2, IPv6: 0, 最小延迟: 559 ms, 最高速率: 0.05 MiB/s, 平均速率: 0.00 MiB/s, 最高分辨率: —, 平均帧率: 未知, 视频编解码器: 未知, 音频编解码器: 未知
分类: 🏀体育频道, 名称: 广州竞赛, 有效: 0, IPv4: 2, IPv6: 0, 最小延迟: — ms, 最高速率: 0.00 MiB/s, 平均速率: 0.00 MiB/s, 最高分辨率: —, 平均帧率: 未知, 视频编解码器: 未知, 音频编解码器: 未知
分类: 🏀体育频道, 名称: 天津体育, 有效: 4, IPv4: 8, IPv6: 0, 最小延迟: 32 ms, 最高速率: 21.23 MiB/s, 平均速率: 11.56 MiB/s, 最高分辨率: 1280x720, 平均帧率: 未知, 视频编解码器: 未知, 音频编解码器: aac
分类: 🏀体育频道, 名称: 辽宁体育, 有效: 0, IPv4: 2, IPv6: 0, 最小延迟: — ms, 最高速率: 0.00 MiB/s, 平均速率: 0.00 MiB/s, 最高分辨率: —, 平均帧率: 未知, 视频编解码器: 未知, 音频编解码器: 未知
分类: 🏀体育频道, 名称: 江苏体育, 有效: 0, IPv4: 2, IPv6: 0, 最小延迟: 544 ms, 最高速率: 0.00 MiB/s, 平均速率: 0.00 MiB/s, 最高分辨率: —, 平均帧率: 未知, 视频编解码器: 未知, 音频编解码器: 未知
分类: 🏀体育频道, 名称: 安徽综艺体育, 有效: 0, IPv4: 2, IPv6: 0, 最小延迟: — ms, 最高速率: 0.00 MiB/s, 平均速率: 0.00 MiB/s, 最高分辨率: —, 平均帧率: 未知, 视频编解码器: 未知, 音频编解码器: 未知
分类: 🏀体育频道, 名称: 吉林篮球, 有效: 0, IPv4: 2, IPv6: 0, 最小延迟: 566 ms, 最高速率: 0.23 MiB/s, 平均速率: 0.00 MiB/s, 最高分辨率: 1920x1080, 平均帧率: 25.0, 视频编解码器: h264, 音频编解码器: aac
分类: 🏀体育频道, 名称: 睛彩羽毛球, 有效: 0, IPv4: 7, IPv6: 0, 最小延迟: 524 ms, 最高速率: 0.22 MiB/s, 平均速率: 0.00 MiB/s, 最高分辨率: 1920x1080, 平均帧率: 25.0, 视频编解码器: h264, 音频编解码器: mp2
分类: 🏀体育频道, 名称: 魅力足球, 有效: 0, IPv4: 16, IPv6: 0, 最小延迟: 508 ms, 最高速率: 0.14 MiB/s, 平均速率: 0.00 MiB/s, 最高分辨率: —, 平均帧率: 未知, 视频编解码器: 未知, 音频编解码器: 未知
分类: 🏀体育频道, 名称: 天元围棋, 有效: 6, IPv4: 9, IPv6: 0, 最小延迟: 31 ms, 最高速率: 21.58 MiB/s, 平均速率: 16.77 MiB/s, 最高分辨率: 1920x1080, 平均帧率: 未知, 视频编解码器: h264, 音频编解码器: mp2
分类: 🏛经典剧场, 名称: 笑傲江湖, 有效: 1, IPv4: 5, IPv6: 0, 最小延迟: 9 ms, 最高速率: 5.43 MiB/s, 平均速率: 0.53 MiB/s, 最高分辨率: 1920x1080, 平均帧率: 25.0, 视频编解码器: h264, 音频编解码器: aac
分类: 🏛经典剧场, 名称: 天龙八部, 有效: 0, IPv4: 6, IPv6: 0, 最小延迟: 859 ms, 最高速率: 0.32 MiB/s, 平均速率: 0.00 MiB/s, 最高分辨率: 800x600, 平均帧率: 24.0, 视频编解码器: h264, 音频编解码器: aac
分类: 🏛经典剧场, 名称: 西游记, 有效: 1, IPv4: 8, IPv6: 0, 最小延迟: 48 ms, 最高速率: 4.94 MiB/s, 平均速率: 4.94 MiB/s, 最高分辨率: 1920x1080, 平均帧率: 25.0, 视频编解码器: h264, 音频编解码器: aac
分类: 🏛经典剧场, 名称: 水浒传, 有效: 1, IPv4: 7, IPv6: 0, 最小延迟: 32 ms, 最高速率: 9.15 MiB/s, 平均速率: 9.15 MiB/s, 最高分辨率: 1440x1080, 平均帧率: 未知, 视频编解码器: 未知, 音频编解码器: 未知
分类: 🏛经典剧场, 名称: 闯关东, 有效: 1, IPv4: 3, IPv6: 0, 最小延迟: 32 ms, 最高速率: 18.07 MiB/s, 平均速率: 18.07 MiB/s, 最高分辨率: 1920x1080, 平均帧率: 未知, 视频编解码器: 未知, 音频编解码器: 未知
分类: 🏛经典剧场, 名称: 新白娘子传奇, 有效: 0, IPv4: 3, IPv6: 0, 最小延迟: — ms, 最高速率: 0.00 MiB/s, 平均速率: 0.00 MiB/s, 最高分辨率: —, 平均帧率: 未知, 视频编解码器: 未知, 音频编解码器: 未知
分类: 🏛经典剧场, 名称: 射雕英雄传, 有效: 0, IPv4: 2, IPv6: 0, 最小延迟: 477 ms, 最高速率: 1.75 MiB/s, 平均速率: 0.00 MiB/s, 最高分辨率: 1274x670, 平均帧率: 25.0, 视频编解码器: h264, 音频编解码器: aac
